src/app/api/progression/award-xp/route.ts(113,19): error TS2769: No overload matches this call.
  Overload 1 of 2, '(relation: "players" | "characters" | "matches" | "rounds" | "moves" | "matchmaking_queue"): PostgrestQueryBuilder<{ PostgrestVersion: "12"; }, { Tables: { players: { Row: { address: string; display_name: string | null; ... 4 more ...; updated_at: string; }; Insert: { ...; }; Update: { ...; }; Relationships: []; }; ... 4 more ...; matchmaking_queue: { ...; }; }; Views: {}; Functions: {}; Enums: {}; }, { ...; } | ... 4 more ... | { ...; }, "players" | ... 4 more ... | "matchmaking_queue", [] | ... 3 more ... | [...]>', gave the following error.
    Argument of type '"battle_pass_seasons"' is not assignable to parameter of type '"players" | "characters" | "matches" | "rounds" | "moves" | "matchmaking_queue"'.
  Overload 2 of 2, '(relation: never): PostgrestQueryBuilder<{ PostgrestVersion: "12"; }, { Tables: { players: { Row: { address: string; display_name: string | null; wins: number; losses: number; rating: number; created_at: string; updated_at: string; }; Insert: { ...; }; Update: { ...; }; Relationships: []; }; ... 4 more ...; matchmaking_queue: { ...; }; }; Views: {}; Functions: {}; Enums: {}; }, never, never, never>', gave the following error.
    Argument of type '"battle_pass_seasons"' is not assignable to parameter of type 'never'.
src/app/api/progression/award-xp/route.ts(124,19): error TS2769: No overload matches this call.
  Overload 1 of 2, '(relation: "players" | "characters" | "matches" | "rounds" | "moves" | "matchmaking_queue"): PostgrestQueryBuilder<{ PostgrestVersion: "12"; }, { Tables: { players: { Row: { address: string; display_name: string | null; ... 4 more ...; updated_at: string; }; Insert: { ...; }; Update: { ...; }; Relationships: []; }; ... 4 more ...; matchmaking_queue: { ...; }; }; Views: {}; Functions: {}; Enums: {}; }, { ...; } | ... 4 more ... | { ...; }, "players" | ... 4 more ... | "matchmaking_queue", [] | ... 3 more ... | [...]>', gave the following error.
    Argument of type '"player_progression"' is not assignable to parameter of type '"players" | "characters" | "matches" | "rounds" | "moves" | "matchmaking_queue"'.
  Overload 2 of 2, '(relation: never): PostgrestQueryBuilder<{ PostgrestVersion: "12"; }, { Tables: { players: { Row: { address: string; display_name: string | null; wins: number; losses: number; rating: number; created_at: string; updated_at: string; }; Insert: { ...; }; Update: { ...; }; Relationships: []; }; ... 4 more ...; matchmaking_queue: { ...; }; }; Views: {}; Functions: {}; Enums: {}; }, never, never, never>', gave the following error.
    Argument of type '"player_progression"' is not assignable to parameter of type 'never'.
src/app/api/progression/award-xp/route.ts(127,37): error TS2339: Property 'id' does not exist on type '{ address: string; display_name: string | null; wins: number; losses: number; rating: number; created_at: string; updated_at: string; } | { id: string; room_code: string | null; player1_address: string; ... 11 more ...; selection_deadline_at: string | null; } | { ...; } | { ...; } | { ...; } | { ...; }'.
  Property 'id' does not exist on type '{ address: string; display_name: string | null; wins: number; losses: number; rating: number; created_at: string; updated_at: string; }'.
src/app/api/progression/award-xp/route.ts(133,23): error TS2769: No overload matches this call.
  Overload 1 of 2, '(relation: "players" | "characters" | "matches" | "rounds" | "moves" | "matchmaking_queue"): PostgrestQueryBuilder<{ PostgrestVersion: "12"; }, { Tables: { players: { Row: { address: string; display_name: string | null; ... 4 more ...; updated_at: string; }; Insert: { ...; }; Update: { ...; }; Relationships: []; }; ... 4 more ...; matchmaking_queue: { ...; }; }; Views: {}; Functions: {}; Enums: {}; }, { ...; } | ... 4 more ... | { ...; }, "players" | ... 4 more ... | "matchmaking_queue", [] | ... 3 more ... | [...]>', gave the following error.
    Argument of type '"player_progression"' is not assignable to parameter of type '"players" | "characters" | "matches" | "rounds" | "moves" | "matchmaking_queue"'.
  Overload 2 of 2, '(relation: never): PostgrestQueryBuilder<{ PostgrestVersion: "12"; }, { Tables: { players: { Row: { address: string; display_name: string | null; wins: number; losses: number; rating: number; created_at: string; updated_at: string; }; Insert: { ...; }; Update: { ...; }; Relationships: []; }; ... 4 more ...; matchmaking_queue: { ...; }; }; Views: {}; Functions: {}; Enums: {}; }, never, never, never>', gave the following error.
    Argument of type '"player_progression"' is not assignable to parameter of type 'never'.
src/app/api/progression/award-xp/route.ts(135,21): error TS2769: No overload matches this call.
  Overload 1 of 2, '(values: { address: string; display_name?: string | null | undefined; wins?: number | undefined; losses?: number | undefined; rating?: number | undefined; created_at?: string | undefined; updated_at?: string | undefined; } | ... 4 more ... | { ...; }, options?: { ...; } | undefined): PostgrestFilterBuilder<...>', gave the following error.
    Object literal may only specify known properties, and 'player_id' does not exist in type '{ address: string; display_name?: string | null | undefined; wins?: number | undefined; losses?: number | undefined; rating?: number | undefined; created_at?: string | undefined; updated_at?: string | undefined; } | ... 4 more ... | { ...; }'.
  Overload 2 of 2, '(values: ({ address: string; display_name?: string | null | undefined; wins?: number | undefined; losses?: number | undefined; rating?: number | undefined; created_at?: string | undefined; updated_at?: string | undefined; } | ... 4 more ... | { ...; })[], options?: { ...; } | undefined): PostgrestFilterBuilder<...>', gave the following error.
    Object literal may only specify known properties, and 'player_id' does not exist in type '({ address: string; display_name?: string | null | undefined; wins?: number | undefined; losses?: number | undefined; rating?: number | undefined; created_at?: string | undefined; updated_at?: string | undefined; } | ... 4 more ... | { ...; })[]'.
src/app/api/progression/award-xp/route.ts(136,39): error TS2339: Property 'id' does not exist on type '{ address: string; display_name: string | null; wins: number; losses: number; rating: number; created_at: string; updated_at: string; } | { id: string; room_code: string | null; player1_address: string; ... 11 more ...; selection_deadline_at: string | null; } | { ...; } | { ...; } | { ...; } | { ...; }'.
  Property 'id' does not exist on type '{ address: string; display_name: string | null; wins: number; losses: number; rating: number; created_at: string; updated_at: string; }'.
src/app/api/progression/award-xp/route.ts(155,43): error TS2339: Property 'prestige_level' does not exist on type '{ address: string; display_name: string | null; wins: number; losses: number; rating: number; created_at: string; updated_at: string; } | { id: string; room_code: string | null; player1_address: string; ... 11 more ...; selection_deadline_at: string | null; } | { ...; } | { ...; } | { ...; } | { ...; }'.
  Property 'prestige_level' does not exist on type '{ address: string; display_name: string | null; wins: number; losses: number; rating: number; created_at: string; updated_at: string; }'.
src/app/api/progression/award-xp/route.ts(160,42): error TS2339: Property 'current_tier' does not exist on type '{ address: string; display_name: string | null; wins: number; losses: number; rating: number; created_at: string; updated_at: string; } | { id: string; room_code: string | null; player1_address: string; ... 11 more ...; selection_deadline_at: string | null; } | { ...; } | { ...; } | { ...; } | { ...; }'.
  Property 'current_tier' does not exist on type '{ address: string; display_name: string | null; wins: number; losses: number; rating: number; created_at: string; updated_at: string; }'.
src/app/api/progression/award-xp/route.ts(161,40): error TS2339: Property 'total_xp' does not exist on type '{ address: string; display_name: string | null; wins: number; losses: number; rating: number; created_at: string; updated_at: string; } | { id: string; room_code: string | null; player1_address: string; ... 11 more ...; selection_deadline_at: string | null; } | { ...; } | { ...; } | { ...; } | { ...; }'.
  Property 'total_xp' does not exist on type '{ address: string; display_name: string | null; wins: number; losses: number; rating: number; created_at: string; updated_at: string; }'.
src/app/api/progression/award-xp/route.ts(180,19): error TS2769: No overload matches this call.
  Overload 1 of 2, '(relation: "players" | "characters" | "matches" | "rounds" | "moves" | "matchmaking_queue"): PostgrestQueryBuilder<{ PostgrestVersion: "12"; }, { Tables: { players: { Row: { address: string; display_name: string | null; ... 4 more ...; updated_at: string; }; Insert: { ...; }; Update: { ...; }; Relationships: []; }; ... 4 more ...; matchmaking_queue: { ...; }; }; Views: {}; Functions: {}; Enums: {}; }, { ...; } | ... 4 more ... | { ...; }, "players" | ... 4 more ... | "matchmaking_queue", [] | ... 3 more ... | [...]>', gave the following error.
    Argument of type '"player_progression"' is not assignable to parameter of type '"players" | "characters" | "matches" | "rounds" | "moves" | "matchmaking_queue"'.
  Overload 2 of 2, '(relation: never): PostgrestQueryBuilder<{ PostgrestVersion: "12"; }, { Tables: { players: { Row: { address: string; display_name: string | null; wins: number; losses: number; rating: number; created_at: string; updated_at: string; }; Insert: { ...; }; Update: { ...; }; Relationships: []; }; ... 4 more ...; matchmaking_queue: { ...; }; }; Views: {}; Functions: {}; Enums: {}; }, never, never, never>', gave the following error.
    Argument of type '"player_progression"' is not assignable to parameter of type 'never'.
src/app/api/progression/award-xp/route.ts(187,35): error TS2339: Property 'id' does not exist on type '{ address: string; display_name: string | null; wins: number; losses: number; rating: number; created_at: string; updated_at: string; } | { id: string; room_code: string | null; player1_address: string; ... 11 more ...; selection_deadline_at: string | null; } | { ...; } | { ...; } | { ...; } | { ...; }'.
  Property 'id' does not exist on type '{ address: string; display_name: string | null; wins: number; losses: number; rating: number; created_at: string; updated_at: string; }'.
src/app/api/progression/award-xp/route.ts(194,29): error TS2769: No overload matches this call.
  Overload 1 of 2, '(relation: "players" | "characters" | "matches" | "rounds" | "moves" | "matchmaking_queue"): PostgrestQueryBuilder<{ PostgrestVersion: "12"; }, { Tables: { players: { Row: { address: string; display_name: string | null; ... 4 more ...; updated_at: string; }; Insert: { ...; }; Update: { ...; }; Relationships: []; }; ... 4 more ...; matchmaking_queue: { ...; }; }; Views: {}; Functions: {}; Enums: {}; }, { ...; } | ... 4 more ... | { ...; }, "players" | ... 4 more ... | "matchmaking_queue", [] | ... 3 more ... | [...]>', gave the following error.
    Argument of type '"xp_awards"' is not assignable to parameter of type '"players" | "characters" | "matches" | "rounds" | "moves" | "matchmaking_queue"'.
  Overload 2 of 2, '(relation: never): PostgrestQueryBuilder<{ PostgrestVersion: "12"; }, { Tables: { players: { Row: { address: string; display_name: string | null; wins: number; losses: number; rating: number; created_at: string; updated_at: string; }; Insert: { ...; }; Update: { ...; }; Relationships: []; }; ... 4 more ...; matchmaking_queue: { ...; }; }; Views: {}; Functions: {}; Enums: {}; }, never, never, never>', gave the following error.
    Argument of type '"xp_awards"' is not assignable to parameter of type 'never'.
src/app/api/progression/award-xp/route.ts(195,13): error TS2769: No overload matches this call.
  Overload 1 of 2, '(values: { address: string; display_name?: string | null | undefined; wins?: number | undefined; losses?: number | undefined; rating?: number | undefined; created_at?: string | undefined; updated_at?: string | undefined; } | ... 4 more ... | { ...; }, options?: { ...; } | undefined): PostgrestFilterBuilder<...>', gave the following error.
    Object literal may only specify known properties, and 'player_id' does not exist in type '{ address: string; display_name?: string | null | undefined; wins?: number | undefined; losses?: number | undefined; rating?: number | undefined; created_at?: string | undefined; updated_at?: string | undefined; } | ... 4 more ... | { ...; }'.
  Overload 2 of 2, '(values: ({ address: string; display_name?: string | null | undefined; wins?: number | undefined; losses?: number | undefined; rating?: number | undefined; created_at?: string | undefined; updated_at?: string | undefined; } | ... 4 more ... | { ...; })[], options?: { ...; } | undefined): PostgrestFilterBuilder<...>', gave the following error.
    Object literal may only specify known properties, and 'player_id' does not exist in type '({ address: string; display_name?: string | null | undefined; wins?: number | undefined; losses?: number | undefined; rating?: number | undefined; created_at?: string | undefined; updated_at?: string | undefined; } | ... 4 more ... | { ...; })[]'.
src/app/api/progression/award-xp/route.ts(196,31): error TS2339: Property 'id' does not exist on type '{ address: string; display_name: string | null; wins: number; losses: number; rating: number; created_at: string; updated_at: string; } | { id: string; room_code: string | null; player1_address: string; ... 11 more ...; selection_deadline_at: string | null; } | { ...; } | { ...; } | { ...; } | { ...; }'.
  Property 'id' does not exist on type '{ address: string; display_name: string | null; wins: number; losses: number; rating: number; created_at: string; updated_at: string; }'.
src/app/api/progression/award-xp/route.ts(208,23): error TS2769: No overload matches this call.
  Overload 1 of 2, '(relation: "players" | "characters" | "matches" | "rounds" | "moves" | "matchmaking_queue"): PostgrestQueryBuilder<{ PostgrestVersion: "12"; }, { Tables: { players: { Row: { address: string; display_name: string | null; ... 4 more ...; updated_at: string; }; Insert: { ...; }; Update: { ...; }; Relationships: []; }; ... 4 more ...; matchmaking_queue: { ...; }; }; Views: {}; Functions: {}; Enums: {}; }, { ...; } | ... 4 more ... | { ...; }, "players" | ... 4 more ... | "matchmaking_queue", [] | ... 3 more ... | [...]>', gave the following error.
    Argument of type '"player_currency"' is not assignable to parameter of type '"players" | "characters" | "matches" | "rounds" | "moves" | "matchmaking_queue"'.
  Overload 2 of 2, '(relation: never): PostgrestQueryBuilder<{ PostgrestVersion: "12"; }, { Tables: { players: { Row: { address: string; display_name: string | null; wins: number; losses: number; rating: number; created_at: string; updated_at: string; }; Insert: { ...; }; Update: { ...; }; Relationships: []; }; ... 4 more ...; matchmaking_queue: { ...; }; }; Views: {}; Functions: {}; Enums: {}; }, never, never, never>', gave the following error.
    Argument of type '"player_currency"' is not assignable to parameter of type 'never'.
src/app/api/progression/award-xp/route.ts(213,50): error TS2339: Property 'clash_shards' does not exist on type '{ address: string; display_name: string | null; wins: number; losses: number; rating: number; created_at: string; updated_at: string; } | { id: string; room_code: string | null; player1_address: string; ... 11 more ...; selection_deadline_at: string | null; } | { ...; } | { ...; } | { ...; } | { ...; }'.
  Property 'clash_shards' does not exist on type '{ address: string; display_name: string | null; wins: number; losses: number; rating: number; created_at: string; updated_at: string; }'.
src/app/api/progression/award-xp/route.ts(218,27): error TS2769: No overload matches this call.
  Overload 1 of 2, '(relation: "players" | "characters" | "matches" | "rounds" | "moves" | "matchmaking_queue"): PostgrestQueryBuilder<{ PostgrestVersion: "12"; }, { Tables: { players: { Row: { address: string; display_name: string | null; ... 4 more ...; updated_at: string; }; Insert: { ...; }; Update: { ...; }; Relationships: []; }; ... 4 more ...; matchmaking_queue: { ...; }; }; Views: {}; Functions: {}; Enums: {}; }, { ...; } | ... 4 more ... | { ...; }, "players" | ... 4 more ... | "matchmaking_queue", [] | ... 3 more ... | [...]>', gave the following error.
    Argument of type '"player_currency"' is not assignable to parameter of type '"players" | "characters" | "matches" | "rounds" | "moves" | "matchmaking_queue"'.
  Overload 2 of 2, '(relation: never): PostgrestQueryBuilder<{ PostgrestVersion: "12"; }, { Tables: { players: { Row: { address: string; display_name: string | null; wins: number; losses: number; rating: number; created_at: string; updated_at: string; }; Insert: { ...; }; Update: { ...; }; Relationships: []; }; ... 4 more ...; matchmaking_queue: { ...; }; }; Views: {}; Functions: {}; Enums: {}; }, never, never, never>', gave the following error.
    Argument of type '"player_currency"' is not assignable to parameter of type 'never'.
src/app/api/progression/award-xp/route.ts(221,53): error TS2339: Property 'total_earned' does not exist on type '{ address: string; display_name: string | null; wins: number; losses: number; rating: number; created_at: string; updated_at: string; } | { id: string; room_code: string | null; player1_address: string; ... 11 more ...; selection_deadline_at: string | null; } | { ...; } | { ...; } | { ...; } | { ...; }'.
  Property 'total_earned' does not exist on type '{ address: string; display_name: string | null; wins: number; losses: number; rating: number; created_at: string; updated_at: string; }'.
src/app/api/progression/award-xp/route.ts(226,37): error TS2769: No overload matches this call.
  Overload 1 of 2, '(relation: "players" | "characters" | "matches" | "rounds" | "moves" | "matchmaking_queue"): PostgrestQueryBuilder<{ PostgrestVersion: "12"; }, { Tables: { players: { Row: { address: string; display_name: string | null; ... 4 more ...; updated_at: string; }; Insert: { ...; }; Update: { ...; }; Relationships: []; }; ... 4 more ...; matchmaking_queue: { ...; }; }; Views: {}; Functions: {}; Enums: {}; }, { ...; } | ... 4 more ... | { ...; }, "players" | ... 4 more ... | "matchmaking_queue", [] | ... 3 more ... | [...]>', gave the following error.
    Argument of type '"player_currency"' is not assignable to parameter of type '"players" | "characters" | "matches" | "rounds" | "moves" | "matchmaking_queue"'.
  Overload 2 of 2, '(relation: never): PostgrestQueryBuilder<{ PostgrestVersion: "12"; }, { Tables: { players: { Row: { address: string; display_name: string | null; wins: number; losses: number; rating: number; created_at: string; updated_at: string; }; Insert: { ...; }; Update: { ...; }; Relationships: []; }; ... 4 more ...; matchmaking_queue: { ...; }; }; Views: {}; Functions: {}; Enums: {}; }, never, never, never>', gave the following error.
    Argument of type '"player_currency"' is not assignable to parameter of type 'never'.
src/app/api/progression/award-xp/route.ts(227,21): error TS2769: No overload matches this call.
  Overload 1 of 2, '(values: { address: string; display_name?: string | null | undefined; wins?: number | undefined; losses?: number | undefined; rating?: number | undefined; created_at?: string | undefined; updated_at?: string | undefined; } | ... 4 more ... | { ...; }, options?: { ...; } | undefined): PostgrestFilterBuilder<...>', gave the following error.
    Object literal may only specify known properties, and 'player_id' does not exist in type '{ address: string; display_name?: string | null | undefined; wins?: number | undefined; losses?: number | undefined; rating?: number | undefined; created_at?: string | undefined; updated_at?: string | undefined; } | ... 4 more ... | { ...; }'.
  Overload 2 of 2, '(values: ({ address: string; display_name?: string | null | undefined; wins?: number | undefined; losses?: number | undefined; rating?: number | undefined; created_at?: string | undefined; updated_at?: string | undefined; } | ... 4 more ... | { ...; })[], options?: { ...; } | undefined): PostgrestFilterBuilder<...>', gave the following error.
    Object literal may only specify known properties, and 'player_id' does not exist in type '({ address: string; display_name?: string | null | undefined; wins?: number | undefined; losses?: number | undefined; rating?: number | undefined; created_at?: string | undefined; updated_at?: string | undefined; } | ... 4 more ... | { ...; })[]'.
src/app/api/progression/award-xp/route.ts(235,33): error TS2769: No overload matches this call.
  Overload 1 of 2, '(relation: "players" | "characters" | "matches" | "rounds" | "moves" | "matchmaking_queue"): PostgrestQueryBuilder<{ PostgrestVersion: "12"; }, { Tables: { players: { Row: { address: string; display_name: string | null; ... 4 more ...; updated_at: string; }; Insert: { ...; }; Update: { ...; }; Relationships: []; }; ... 4 more ...; matchmaking_queue: { ...; }; }; Views: {}; Functions: {}; Enums: {}; }, { ...; } | ... 4 more ... | { ...; }, "players" | ... 4 more ... | "matchmaking_queue", [] | ... 3 more ... | [...]>', gave the following error.
    Argument of type '"currency_transactions"' is not assignable to parameter of type '"players" | "characters" | "matches" | "rounds" | "moves" | "matchmaking_queue"'.
  Overload 2 of 2, '(relation: never): PostgrestQueryBuilder<{ PostgrestVersion: "12"; }, { Tables: { players: { Row: { address: string; display_name: string | null; wins: number; losses: number; rating: number; created_at: string; updated_at: string; }; Insert: { ...; }; Update: { ...; }; Relationships: []; }; ... 4 more ...; matchmaking_queue: { ...; }; }; Views: {}; Functions: {}; Enums: {}; }, never, never, never>', gave the following error.
    Argument of type '"currency_transactions"' is not assignable to parameter of type 'never'.
src/app/api/progression/award-xp/route.ts(236,17): error TS2769: No overload matches this call.
  Overload 1 of 2, '(values: { address: string; display_name?: string | null | undefined; wins?: number | undefined; losses?: number | undefined; rating?: number | undefined; created_at?: string | undefined; updated_at?: string | undefined; } | ... 4 more ... | { ...; }, options?: { ...; } | undefined): PostgrestFilterBuilder<...>', gave the following error.
    Object literal may only specify known properties, and 'player_id' does not exist in type '{ address: string; display_name?: string | null | undefined; wins?: number | undefined; losses?: number | undefined; rating?: number | undefined; created_at?: string | undefined; updated_at?: string | undefined; } | ... 4 more ... | { ...; }'.
  Overload 2 of 2, '(values: ({ address: string; display_name?: string | null | undefined; wins?: number | undefined; losses?: number | undefined; rating?: number | undefined; created_at?: string | undefined; updated_at?: string | undefined; } | ... 4 more ... | { ...; })[], options?: { ...; } | undefined): PostgrestFilterBuilder<...>', gave the following error.
    Object literal may only specify known properties, and 'player_id' does not exist in type '({ address: string; display_name?: string | null | undefined; wins?: number | undefined; losses?: number | undefined; rating?: number | undefined; created_at?: string | undefined; updated_at?: string | undefined; } | ... 4 more ... | { ...; })[]'.
src/app/api/progression/award-xp/route.ts(250,23): error TS2769: No overload matches this call.
  Overload 1 of 2, '(relation: "players" | "characters" | "matches" | "rounds" | "moves" | "matchmaking_queue"): PostgrestQueryBuilder<{ PostgrestVersion: "12"; }, { Tables: { players: { Row: { address: string; display_name: string | null; ... 4 more ...; updated_at: string; }; Insert: { ...; }; Update: { ...; }; Relationships: []; }; ... 4 more ...; matchmaking_queue: { ...; }; }; Views: {}; Functions: {}; Enums: {}; }, { ...; } | ... 4 more ... | { ...; }, "players" | ... 4 more ... | "matchmaking_queue", [] | ... 3 more ... | [...]>', gave the following error.
    Argument of type '"cosmetic_items"' is not assignable to parameter of type '"players" | "characters" | "matches" | "rounds" | "moves" | "matchmaking_queue"'.
  Overload 2 of 2, '(relation: never): PostgrestQueryBuilder<{ PostgrestVersion: "12"; }, { Tables: { players: { Row: { address: string; display_name: string | null; wins: number; losses: number; rating: number; created_at: string; updated_at: string; }; Insert: { ...; }; Update: { ...; }; Relationships: []; }; ... 4 more ...; matchmaking_queue: { ...; }; }; Views: {}; Functions: {}; Enums: {}; }, never, never, never>', gave the following error.
    Argument of type '"cosmetic_items"' is not assignable to parameter of type 'never'.
src/app/api/progression/award-xp/route.ts(258,27): error TS2769: No overload matches this call.
  Overload 1 of 2, '(relation: "players" | "characters" | "matches" | "rounds" | "moves" | "matchmaking_queue"): PostgrestQueryBuilder<{ PostgrestVersion: "12"; }, { Tables: { players: { Row: { address: string; display_name: string | null; ... 4 more ...; updated_at: string; }; Insert: { ...; }; Update: { ...; }; Relationships: []; }; ... 4 more ...; matchmaking_queue: { ...; }; }; Views: {}; Functions: {}; Enums: {}; }, { ...; } | ... 4 more ... | { ...; }, "players" | ... 4 more ... | "matchmaking_queue", [] | ... 3 more ... | [...]>', gave the following error.
    Argument of type '"player_inventory"' is not assignable to parameter of type '"players" | "characters" | "matches" | "rounds" | "moves" | "matchmaking_queue"'.
  Overload 2 of 2, '(relation: never): PostgrestQueryBuilder<{ PostgrestVersion: "12"; }, { Tables: { players: { Row: { address: string; display_name: string | null; wins: number; losses: number; rating: number; created_at: string; updated_at: string; }; Insert: { ...; }; Update: { ...; }; Relationships: []; }; ... 4 more ...; matchmaking_queue: { ...; }; }; Views: {}; Functions: {}; Enums: {}; }, never, never, never>', gave the following error.
    Argument of type '"player_inventory"' is not assignable to parameter of type 'never'.
src/app/api/progression/award-xp/route.ts(265,41): error TS2769: No overload matches this call.
  Overload 1 of 2, '(relation: "players" | "characters" | "matches" | "rounds" | "moves" | "matchmaking_queue"): PostgrestQueryBuilder<{ PostgrestVersion: "12"; }, { Tables: { players: { Row: { address: string; display_name: string | null; ... 4 more ...; updated_at: string; }; Insert: { ...; }; Update: { ...; }; Relationships: []; }; ... 4 more ...; matchmaking_queue: { ...; }; }; Views: {}; Functions: {}; Enums: {}; }, { ...; } | ... 4 more ... | { ...; }, "players" | ... 4 more ... | "matchmaking_queue", [] | ... 3 more ... | [...]>', gave the following error.
    Argument of type '"player_inventory"' is not assignable to parameter of type '"players" | "characters" | "matches" | "rounds" | "moves" | "matchmaking_queue"'.
  Overload 2 of 2, '(relation: never): PostgrestQueryBuilder<{ PostgrestVersion: "12"; }, { Tables: { players: { Row: { address: string; display_name: string | null; wins: number; losses: number; rating: number; created_at: string; updated_at: string; }; Insert: { ...; }; Update: { ...; }; Relationships: []; }; ... 4 more ...; matchmaking_queue: { ...; }; }; Views: {}; Functions: {}; Enums: {}; }, never, never, never>', gave the following error.
    Argument of type '"player_inventory"' is not assignable to parameter of type 'never'.
src/app/api/progression/award-xp/route.ts(266,25): error TS2769: No overload matches this call.
  Overload 1 of 2, '(values: { address: string; display_name?: string | null | undefined; wins?: number | undefined; losses?: number | undefined; rating?: number | undefined; created_at?: string | undefined; updated_at?: string | undefined; } | ... 4 more ... | { ...; }, options?: { ...; } | undefined): PostgrestFilterBuilder<...>', gave the following error.
    Object literal may only specify known properties, and 'player_id' does not exist in type '{ address: string; display_name?: string | null | undefined; wins?: number | undefined; losses?: number | undefined; rating?: number | undefined; created_at?: string | undefined; updated_at?: string | undefined; } | ... 4 more ... | { ...; }'.
  Overload 2 of 2, '(values: ({ address: string; display_name?: string | null | undefined; wins?: number | undefined; losses?: number | undefined; rating?: number | undefined; created_at?: string | undefined; updated_at?: string | undefined; } | ... 4 more ... | { ...; })[], options?: { ...; } | undefined): PostgrestFilterBuilder<...>', gave the following error.
    Object literal may only specify known properties, and 'player_id' does not exist in type '({ address: string; display_name?: string | null | undefined; wins?: number | undefined; losses?: number | undefined; rating?: number | undefined; created_at?: string | undefined; updated_at?: string | undefined; } | ... 4 more ... | { ...; })[]'.
src/app/api/progression/player/[address]/route.ts(77,19): error TS2769: No overload matches this call.
  Overload 1 of 2, '(relation: "players" | "characters" | "matches" | "rounds" | "moves" | "matchmaking_queue"): PostgrestQueryBuilder<{ PostgrestVersion: "12"; }, { Tables: { players: { Row: { address: string; display_name: string | null; ... 4 more ...; updated_at: string; }; Insert: { ...; }; Update: { ...; }; Relationships: []; }; ... 4 more ...; matchmaking_queue: { ...; }; }; Views: {}; Functions: {}; Enums: {}; }, { ...; } | ... 4 more ... | { ...; }, "players" | ... 4 more ... | "matchmaking_queue", [] | ... 3 more ... | [...]>', gave the following error.
    Argument of type '"battle_pass_seasons"' is not assignable to parameter of type '"players" | "characters" | "matches" | "rounds" | "moves" | "matchmaking_queue"'.
  Overload 2 of 2, '(relation: never): PostgrestQueryBuilder<{ PostgrestVersion: "12"; }, { Tables: { players: { Row: { address: string; display_name: string | null; wins: number; losses: number; rating: number; created_at: string; updated_at: string; }; Insert: { ...; }; Update: { ...; }; Relationships: []; }; ... 4 more ...; matchmaking_queue: { ...; }; }; Views: {}; Functions: {}; Enums: {}; }, never, never, never>', gave the following error.
    Argument of type '"battle_pass_seasons"' is not assignable to parameter of type 'never'.
src/app/api/progression/player/[address]/route.ts(88,19): error TS2769: No overload matches this call.
  Overload 1 of 2, '(relation: "players" | "characters" | "matches" | "rounds" | "moves" | "matchmaking_queue"): PostgrestQueryBuilder<{ PostgrestVersion: "12"; }, { Tables: { players: { Row: { address: string; display_name: string | null; ... 4 more ...; updated_at: string; }; Insert: { ...; }; Update: { ...; }; Relationships: []; }; ... 4 more ...; matchmaking_queue: { ...; }; }; Views: {}; Functions: {}; Enums: {}; }, { ...; } | ... 4 more ... | { ...; }, "players" | ... 4 more ... | "matchmaking_queue", [] | ... 3 more ... | [...]>', gave the following error.
    Argument of type '"player_progression"' is not assignable to parameter of type '"players" | "characters" | "matches" | "rounds" | "moves" | "matchmaking_queue"'.
  Overload 2 of 2, '(relation: never): PostgrestQueryBuilder<{ PostgrestVersion: "12"; }, { Tables: { players: { Row: { address: string; display_name: string | null; wins: number; losses: number; rating: number; created_at: string; updated_at: string; }; Insert: { ...; }; Update: { ...; }; Relationships: []; }; ... 4 more ...; matchmaking_queue: { ...; }; }; Views: {}; Functions: {}; Enums: {}; }, never, never, never>', gave the following error.
    Argument of type '"player_progression"' is not assignable to parameter of type 'never'.
src/app/api/progression/player/[address]/route.ts(91,37): error TS2339: Property 'id' does not exist on type 'SelectQueryError<"column 'id' does not exist on 'players'."> | SelectQueryError<"column 'id' does not exist on 'characters'."> | SelectQueryError<...> | SelectQueryError<...> | SelectQueryError<...> | SelectQueryError<...>'.
  Property 'id' does not exist on type 'SelectQueryError<"column 'id' does not exist on 'players'.">'.
src/app/api/progression/player/[address]/route.ts(96,19): error TS2769: No overload matches this call.
  Overload 1 of 2, '(relation: "players" | "characters" | "matches" | "rounds" | "moves" | "matchmaking_queue"): PostgrestQueryBuilder<{ PostgrestVersion: "12"; }, { Tables: { players: { Row: { address: string; display_name: string | null; ... 4 more ...; updated_at: string; }; Insert: { ...; }; Update: { ...; }; Relationships: []; }; ... 4 more ...; matchmaking_queue: { ...; }; }; Views: {}; Functions: {}; Enums: {}; }, { ...; } | ... 4 more ... | { ...; }, "players" | ... 4 more ... | "matchmaking_queue", [] | ... 3 more ... | [...]>', gave the following error.
    Argument of type '"player_currency"' is not assignable to parameter of type '"players" | "characters" | "matches" | "rounds" | "moves" | "matchmaking_queue"'.
  Overload 2 of 2, '(relation: never): PostgrestQueryBuilder<{ PostgrestVersion: "12"; }, { Tables: { players: { Row: { address: string; display_name: string | null; wins: number; losses: number; rating: number; created_at: string; updated_at: string; }; Insert: { ...; }; Update: { ...; }; Relationships: []; }; ... 4 more ...; matchmaking_queue: { ...; }; }; Views: {}; Functions: {}; Enums: {}; }, never, never, never>', gave the following error.
    Argument of type '"player_currency"' is not assignable to parameter of type 'never'.
src/app/api/progression/player/[address]/route.ts(104,23): error TS2769: No overload matches this call.
  Overload 1 of 2, '(relation: "players" | "characters" | "matches" | "rounds" | "moves" | "matchmaking_queue"): PostgrestQueryBuilder<{ PostgrestVersion: "12"; }, { Tables: { players: { Row: { address: string; display_name: string | null; ... 4 more ...; updated_at: string; }; Insert: { ...; }; Update: { ...; }; Relationships: []; }; ... 4 more ...; matchmaking_queue: { ...; }; }; Views: {}; Functions: {}; Enums: {}; }, { ...; } | ... 4 more ... | { ...; }, "players" | ... 4 more ... | "matchmaking_queue", [] | ... 3 more ... | [...]>', gave the following error.
    Argument of type '"player_progression"' is not assignable to parameter of type '"players" | "characters" | "matches" | "rounds" | "moves" | "matchmaking_queue"'.
  Overload 2 of 2, '(relation: never): PostgrestQueryBuilder<{ PostgrestVersion: "12"; }, { Tables: { players: { Row: { address: string; display_name: string | null; wins: number; losses: number; rating: number; created_at: string; updated_at: string; }; Insert: { ...; }; Update: { ...; }; Relationships: []; }; ... 4 more ...; matchmaking_queue: { ...; }; }; Views: {}; Functions: {}; Enums: {}; }, never, never, never>', gave the following error.
    Argument of type '"player_progression"' is not assignable to parameter of type 'never'.
src/app/api/progression/player/[address]/route.ts(106,21): error TS2769: No overload matches this call.
  Overload 1 of 2, '(values: { address: string; display_name?: string | null | undefined; wins?: number | undefined; losses?: number | undefined; rating?: number | undefined; created_at?: string | undefined; updated_at?: string | undefined; } | ... 4 more ... | { ...; }, options?: { ...; } | undefined): PostgrestFilterBuilder<...>', gave the following error.
    Object literal may only specify known properties, and 'player_id' does not exist in type '{ address: string; display_name?: string | null | undefined; wins?: number | undefined; losses?: number | undefined; rating?: number | undefined; created_at?: string | undefined; updated_at?: string | undefined; } | ... 4 more ... | { ...; }'.
  Overload 2 of 2, '(values: ({ address: string; display_name?: string | null | undefined; wins?: number | undefined; losses?: number | undefined; rating?: number | undefined; created_at?: string | undefined; updated_at?: string | undefined; } | ... 4 more ... | { ...; })[], options?: { ...; } | undefined): PostgrestFilterBuilder<...>', gave the following error.
    Object literal may only specify known properties, and 'player_id' does not exist in type '({ address: string; display_name?: string | null | undefined; wins?: number | undefined; losses?: number | undefined; rating?: number | undefined; created_at?: string | undefined; updated_at?: string | undefined; } | ... 4 more ... | { ...; })[]'.
src/app/api/progression/player/[address]/route.ts(107,39): error TS2339: Property 'id' does not exist on type 'SelectQueryError<"column 'id' does not exist on 'players'."> | SelectQueryError<"column 'id' does not exist on 'characters'."> | SelectQueryError<...> | SelectQueryError<...> | SelectQueryError<...> | SelectQueryError<...>'.
  Property 'id' does not exist on type 'SelectQueryError<"column 'id' does not exist on 'players'.">'.
src/app/api/progression/player/[address]/route.ts(122,13): error TS2322: Type 'NextResponse<{ progression: { tier_progress: { currentXP: number; xpRequired: number; progressPercentage: number; }; address: string; display_name: string | null; wins: number; losses: number; rating: number; created_at: string; updated_at: string; } | ... 4 more ... | { ...; }; currency: SelectQueryError<...> | ......' is not assignable to type 'NextResponse<ApiErrorResponse | PlayerProgressionResponse>'.
  Type '{ progression: { tier_progress: { currentXP: number; xpRequired: number; progressPercentage: number; }; address: string; display_name: string | null; wins: number; losses: number; rating: number; created_at: string; updated_at: string; } | ... 4 more ... | { ...; }; currency: SelectQueryError<...> | ... 5 more ... |...' is not assignable to type 'ApiErrorResponse | PlayerProgressionResponse'.
    Type '{ progression: { tier_progress: { currentXP: number; xpRequired: number; progressPercentage: number; }; address: string; display_name: string | null; wins: number; losses: number; rating: number; created_at: string; updated_at: string; } | ... 4 more ... | { ...; }; currency: SelectQueryError<...> | ... 5 more ... |...' is not assignable to type 'PlayerProgressionResponse'.
      Types of property 'progression' are incompatible.
        Type '{ tier_progress: { currentXP: number; xpRequired: number; progressPercentage: number; }; address: string; display_name: string | null; wins: number; losses: number; rating: number; created_at: string; updated_at: string; } | ... 4 more ... | { ...; }' is not assignable to type '{ id: string; player_id: string; season_id: string; current_tier: number; current_xp: number; total_xp: number; prestige_level: number; prestige_xp_multiplier: number; prestige_currency_multiplier: number; last_prestige_date: string | null; created_at: string; updated_at: string; tier_progress: { ...; }; } | null'.
          Type '{ tier_progress: { currentXP: number; xpRequired: number; progressPercentage: number; }; address: string; display_name: string | null; wins: number; losses: number; rating: number; created_at: string; updated_at: string; }' is missing the following properties from type '{ id: string; player_id: string; season_id: string; current_tier: number; current_xp: number; total_xp: number; prestige_level: number; prestige_xp_multiplier: number; prestige_currency_multiplier: number; last_prestige_date: string | null; created_at: string; updated_at: string; tier_progress: { ...; }; }': id, player_id, season_id, current_tier, and 6 more.
src/app/api/progression/player/[address]/route.ts(137,25): error TS2339: Property 'total_xp' does not exist on type '{ address: string; display_name: string | null; wins: number; losses: number; rating: number; created_at: string; updated_at: string; } | { id: string; room_code: string | null; player1_address: string; ... 11 more ...; selection_deadline_at: string | null; } | { ...; } | { ...; } | { ...; } | { ...; }'.
  Property 'total_xp' does not exist on type '{ address: string; display_name: string | null; wins: number; losses: number; rating: number; created_at: string; updated_at: string; }'.
src/app/api/progression/player/[address]/route.ts(138,25): error TS2339: Property 'current_tier' does not exist on type '{ address: string; display_name: string | null; wins: number; losses: number; rating: number; created_at: string; updated_at: string; } | { id: string; room_code: string | null; player1_address: string; ... 11 more ...; selection_deadline_at: string | null; } | { ...; } | { ...; } | { ...; } | { ...; }'.
  Property 'current_tier' does not exist on type '{ address: string; display_name: string | null; wins: number; losses: number; rating: number; created_at: string; updated_at: string; }'.
src/app/api/progression/player/[address]/route.ts(141,9): error TS2322: Type 'NextResponse<{ progression: { tier_progress: { currentXP: number; xpRequired: number; progressPercentage: number; }; address: string; display_name: string | null; wins: number; losses: number; rating: number; created_at: string; updated_at: string; } | ... 4 more ... | { ...; }; currency: SelectQueryError<...> | ......' is not assignable to type 'NextResponse<ApiErrorResponse | PlayerProgressionResponse>'.
  Type '{ progression: { tier_progress: { currentXP: number; xpRequired: number; progressPercentage: number; }; address: string; display_name: string | null; wins: number; losses: number; rating: number; created_at: string; updated_at: string; } | ... 4 more ... | { ...; }; currency: SelectQueryError<...> | ... 5 more ... |...' is not assignable to type 'ApiErrorResponse | PlayerProgressionResponse'.
    Type '{ progression: { tier_progress: { currentXP: number; xpRequired: number; progressPercentage: number; }; address: string; display_name: string | null; wins: number; losses: number; rating: number; created_at: string; updated_at: string; } | ... 4 more ... | { ...; }; currency: SelectQueryError<...> | ... 5 more ... |...' is not assignable to type 'PlayerProgressionResponse'.
      Types of property 'progression' are incompatible.
        Type '{ tier_progress: { currentXP: number; xpRequired: number; progressPercentage: number; }; address: string; display_name: string | null; wins: number; losses: number; rating: number; created_at: string; updated_at: string; } | ... 4 more ... | { ...; }' is not assignable to type '{ id: string; player_id: string; season_id: string; current_tier: number; current_xp: number; total_xp: number; prestige_level: number; prestige_xp_multiplier: number; prestige_currency_multiplier: number; last_prestige_date: string | null; created_at: string; updated_at: string; tier_progress: { ...; }; } | null'.
          Type '{ tier_progress: { currentXP: number; xpRequired: number; progressPercentage: number; }; address: string; display_name: string | null; wins: number; losses: number; rating: number; created_at: string; updated_at: string; }' is missing the following properties from type '{ id: string; player_id: string; season_id: string; current_tier: number; current_xp: number; total_xp: number; prestige_level: number; prestige_xp_multiplier: number; prestige_currency_multiplier: number; last_prestige_date: string | null; created_at: string; updated_at: string; tier_progress: { ...; }; }': id, player_id, season_id, current_tier, and 6 more.
src/app/api/progression/season/route.ts(39,19): error TS2769: No overload matches this call.
  Overload 1 of 2, '(relation: "players" | "characters" | "matches" | "rounds" | "moves" | "matchmaking_queue"): PostgrestQueryBuilder<{ PostgrestVersion: "12"; }, { Tables: { players: { Row: { address: string; display_name: string | null; ... 4 more ...; updated_at: string; }; Insert: { ...; }; Update: { ...; }; Relationships: []; }; ... 4 more ...; matchmaking_queue: { ...; }; }; Views: {}; Functions: {}; Enums: {}; }, { ...; } | ... 4 more ... | { ...; }, "players" | ... 4 more ... | "matchmaking_queue", [] | ... 3 more ... | [...]>', gave the following error.
    Argument of type '"battle_pass_seasons"' is not assignable to parameter of type '"players" | "characters" | "matches" | "rounds" | "moves" | "matchmaking_queue"'.
  Overload 2 of 2, '(relation: never): PostgrestQueryBuilder<{ PostgrestVersion: "12"; }, { Tables: { players: { Row: { address: string; display_name: string | null; wins: number; losses: number; rating: number; created_at: string; updated_at: string; }; Insert: { ...; }; Update: { ...; }; Relationships: []; }; ... 4 more ...; matchmaking_queue: { ...; }; }; Views: {}; Functions: {}; Enums: {}; }, never, never, never>', gave the following error.
    Argument of type '"battle_pass_seasons"' is not assignable to parameter of type 'never'.
src/app/api/progression/season/route.ts(54,28): error TS2339: Property 'id' does not exist on type '{ address: string; display_name: string | null; wins: number; losses: number; rating: number; created_at: string; updated_at: string; } | { id: string; room_code: string | null; player1_address: string; ... 11 more ...; selection_deadline_at: string | null; } | { ...; } | { ...; } | { ...; } | { ...; }'.
  Property 'id' does not exist on type '{ address: string; display_name: string | null; wins: number; losses: number; rating: number; created_at: string; updated_at: string; }'.
src/app/api/progression/season/route.ts(55,30): error TS2339: Property 'name' does not exist on type '{ address: string; display_name: string | null; wins: number; losses: number; rating: number; created_at: string; updated_at: string; } | { id: string; room_code: string | null; player1_address: string; ... 11 more ...; selection_deadline_at: string | null; } | { ...; } | { ...; } | { ...; } | { ...; }'.
  Property 'name' does not exist on type '{ address: string; display_name: string | null; wins: number; losses: number; rating: number; created_at: string; updated_at: string; }'.
src/app/api/progression/season/route.ts(56,37): error TS2339: Property 'description' does not exist on type '{ address: string; display_name: string | null; wins: number; losses: number; rating: number; created_at: string; updated_at: string; } | { id: string; room_code: string | null; player1_address: string; ... 11 more ...; selection_deadline_at: string | null; } | { ...; } | { ...; } | { ...; } | { ...; }'.
  Property 'description' does not exist on type '{ address: string; display_name: string | null; wins: number; losses: number; rating: number; created_at: string; updated_at: string; }'.
src/app/api/progression/season/route.ts(57,36): error TS2339: Property 'start_date' does not exist on type '{ address: string; display_name: string | null; wins: number; losses: number; rating: number; created_at: string; updated_at: string; } | { id: string; room_code: string | null; player1_address: string; ... 11 more ...; selection_deadline_at: string | null; } | { ...; } | { ...; } | { ...; } | { ...; }'.
  Property 'start_date' does not exist on type '{ address: string; display_name: string | null; wins: number; losses: number; rating: number; created_at: string; updated_at: string; }'.
src/app/api/progression/season/route.ts(58,34): error TS2339: Property 'end_date' does not exist on type '{ address: string; display_name: string | null; wins: number; losses: number; rating: number; created_at: string; updated_at: string; } | { id: string; room_code: string | null; player1_address: string; ... 11 more ...; selection_deadline_at: string | null; } | { ...; } | { ...; } | { ...; } | { ...; }'.
  Property 'end_date' does not exist on type '{ address: string; display_name: string | null; wins: number; losses: number; rating: number; created_at: string; updated_at: string; }'.
src/app/api/progression/season/route.ts(59,36): error TS2339: Property 'tier_count' does not exist on type '{ address: string; display_name: string | null; wins: number; losses: number; rating: number; created_at: string; updated_at: string; } | { id: string; room_code: string | null; player1_address: string; ... 11 more ...; selection_deadline_at: string | null; } | { ...; } | { ...; } | { ...; } | { ...; }'.
  Property 'tier_count' does not exist on type '{ address: string; display_name: string | null; wins: number; losses: number; rating: number; created_at: string; updated_at: string; }'.
src/app/api/progression/season/route.ts(60,35): error TS2339: Property 'is_active' does not exist on type '{ address: string; display_name: string | null; wins: number; losses: number; rating: number; created_at: string; updated_at: string; } | { id: string; room_code: string | null; player1_address: string; ... 11 more ...; selection_deadline_at: string | null; } | { ...; } | { ...; } | { ...; } | { ...; }'.
  Property 'is_active' does not exist on type '{ address: string; display_name: string | null; wins: number; losses: number; rating: number; created_at: string; updated_at: string; }'.
src/app/api/progression/season/route.ts(61,33): error TS2339: Property 'version' does not exist on type '{ address: string; display_name: string | null; wins: number; losses: number; rating: number; created_at: string; updated_at: string; } | { id: string; room_code: string | null; player1_address: string; ... 11 more ...; selection_deadline_at: string | null; } | { ...; } | { ...; } | { ...; } | { ...; }'.
  Property 'version' does not exist on type '{ address: string; display_name: string | null; wins: number; losses: number; rating: number; created_at: string; updated_at: string; }'.
src/app/api/progression/unlock-tier/route.ts(75,19): error TS2769: No overload matches this call.
  Overload 1 of 2, '(relation: "players" | "characters" | "matches" | "rounds" | "moves" | "matchmaking_queue"): PostgrestQueryBuilder<{ PostgrestVersion: "12"; }, { Tables: { players: { Row: { address: string; display_name: string | null; ... 4 more ...; updated_at: string; }; Insert: { ...; }; Update: { ...; }; Relationships: []; }; ... 4 more ...; matchmaking_queue: { ...; }; }; Views: {}; Functions: {}; Enums: {}; }, { ...; } | ... 4 more ... | { ...; }, "players" | ... 4 more ... | "matchmaking_queue", [] | ... 3 more ... | [...]>', gave the following error.
    Argument of type '"battle_pass_seasons"' is not assignable to parameter of type '"players" | "characters" | "matches" | "rounds" | "moves" | "matchmaking_queue"'.
  Overload 2 of 2, '(relation: never): PostgrestQueryBuilder<{ PostgrestVersion: "12"; }, { Tables: { players: { Row: { address: string; display_name: string | null; wins: number; losses: number; rating: number; created_at: string; updated_at: string; }; Insert: { ...; }; Update: { ...; }; Relationships: []; }; ... 4 more ...; matchmaking_queue: { ...; }; }; Views: {}; Functions: {}; Enums: {}; }, never, never, never>', gave the following error.
    Argument of type '"battle_pass_seasons"' is not assignable to parameter of type 'never'.
src/app/api/progression/unlock-tier/route.ts(86,19): error TS2769: No overload matches this call.
  Overload 1 of 2, '(relation: "players" | "characters" | "matches" | "rounds" | "moves" | "matchmaking_queue"): PostgrestQueryBuilder<{ PostgrestVersion: "12"; }, { Tables: { players: { Row: { address: string; display_name: string | null; ... 4 more ...; updated_at: string; }; Insert: { ...; }; Update: { ...; }; Relationships: []; }; ... 4 more ...; matchmaking_queue: { ...; }; }; Views: {}; Functions: {}; Enums: {}; }, { ...; } | ... 4 more ... | { ...; }, "players" | ... 4 more ... | "matchmaking_queue", [] | ... 3 more ... | [...]>', gave the following error.
    Argument of type '"player_progression"' is not assignable to parameter of type '"players" | "characters" | "matches" | "rounds" | "moves" | "matchmaking_queue"'.
  Overload 2 of 2, '(relation: never): PostgrestQueryBuilder<{ PostgrestVersion: "12"; }, { Tables: { players: { Row: { address: string; display_name: string | null; wins: number; losses: number; rating: number; created_at: string; updated_at: string; }; Insert: { ...; }; Update: { ...; }; Relationships: []; }; ... 4 more ...; matchmaking_queue: { ...; }; }; Views: {}; Functions: {}; Enums: {}; }, never, never, never>', gave the following error.
    Argument of type '"player_progression"' is not assignable to parameter of type 'never'.
src/app/api/progression/unlock-tier/route.ts(89,37): error TS2339: Property 'id' does not exist on type '{ address: string; display_name: string | null; wins: number; losses: number; rating: number; created_at: string; updated_at: string; } | { id: string; room_code: string | null; player1_address: string; ... 11 more ...; selection_deadline_at: string | null; } | { ...; } | { ...; } | { ...; } | { ...; }'.
  Property 'id' does not exist on type '{ address: string; display_name: string | null; wins: number; losses: number; rating: number; created_at: string; updated_at: string; }'.
src/app/api/progression/unlock-tier/route.ts(97,33): error TS2339: Property 'current_tier' does not exist on type '{ address: string; display_name: string | null; wins: number; losses: number; rating: number; created_at: string; updated_at: string; } | { id: string; room_code: string | null; player1_address: string; ... 11 more ...; selection_deadline_at: string | null; } | { ...; } | { ...; } | { ...; } | { ...; }'.
  Property 'current_tier' does not exist on type '{ address: string; display_name: string | null; wins: number; losses: number; rating: number; created_at: string; updated_at: string; }'.
src/app/api/progression/unlock-tier/route.ts(98,78): error TS2339: Property 'current_tier' does not exist on type '{ address: string; display_name: string | null; wins: number; losses: number; rating: number; created_at: string; updated_at: string; } | { id: string; room_code: string | null; player1_address: string; ... 11 more ...; selection_deadline_at: string | null; } | { ...; } | { ...; } | { ...; } | { ...; }'.
  Property 'current_tier' does not exist on type '{ address: string; display_name: string | null; wins: number; losses: number; rating: number; created_at: string; updated_at: string; }'.
src/app/api/progression/unlock-tier/route.ts(110,19): error TS2769: No overload matches this call.
  Overload 1 of 2, '(relation: "players" | "characters" | "matches" | "rounds" | "moves" | "matchmaking_queue"): PostgrestQueryBuilder<{ PostgrestVersion: "12"; }, { Tables: { players: { Row: { address: string; display_name: string | null; ... 4 more ...; updated_at: string; }; Insert: { ...; }; Update: { ...; }; Relationships: []; }; ... 4 more ...; matchmaking_queue: { ...; }; }; Views: {}; Functions: {}; Enums: {}; }, { ...; } | ... 4 more ... | { ...; }, "players" | ... 4 more ... | "matchmaking_queue", [] | ... 3 more ... | [...]>', gave the following error.
    Argument of type '"player_progression"' is not assignable to parameter of type '"players" | "characters" | "matches" | "rounds" | "moves" | "matchmaking_queue"'.
  Overload 2 of 2, '(relation: never): PostgrestQueryBuilder<{ PostgrestVersion: "12"; }, { Tables: { players: { Row: { address: string; display_name: string | null; wins: number; losses: number; rating: number; created_at: string; updated_at: string; }; Insert: { ...; }; Update: { ...; }; Relationships: []; }; ... 4 more ...; matchmaking_queue: { ...; }; }; Views: {}; Functions: {}; Enums: {}; }, never, never, never>', gave the following error.
    Argument of type '"player_progression"' is not assignable to parameter of type 'never'.
src/app/api/progression/unlock-tier/route.ts(115,35): error TS2339: Property 'id' does not exist on type '{ address: string; display_name: string | null; wins: number; losses: number; rating: number; created_at: string; updated_at: string; } | { id: string; room_code: string | null; player1_address: string; ... 11 more ...; selection_deadline_at: string | null; } | { ...; } | { ...; } | { ...; } | { ...; }'.
  Property 'id' does not exist on type '{ address: string; display_name: string | null; wins: number; losses: number; rating: number; created_at: string; updated_at: string; }'.
src/app/api/progression/unlock-tier/route.ts(124,23): error TS2769: No overload matches this call.
  Overload 1 of 2, '(relation: "players" | "characters" | "matches" | "rounds" | "moves" | "matchmaking_queue"): PostgrestQueryBuilder<{ PostgrestVersion: "12"; }, { Tables: { players: { Row: { address: string; display_name: string | null; ... 4 more ...; updated_at: string; }; Insert: { ...; }; Update: { ...; }; Relationships: []; }; ... 4 more ...; matchmaking_queue: { ...; }; }; Views: {}; Functions: {}; Enums: {}; }, { ...; } | ... 4 more ... | { ...; }, "players" | ... 4 more ... | "matchmaking_queue", [] | ... 3 more ... | [...]>', gave the following error.
    Argument of type '"player_currency"' is not assignable to parameter of type '"players" | "characters" | "matches" | "rounds" | "moves" | "matchmaking_queue"'.
  Overload 2 of 2, '(relation: never): PostgrestQueryBuilder<{ PostgrestVersion: "12"; }, { Tables: { players: { Row: { address: string; display_name: string | null; wins: number; losses: number; rating: number; created_at: string; updated_at: string; }; Insert: { ...; }; Update: { ...; }; Relationships: []; }; ... 4 more ...; matchmaking_queue: { ...; }; }; Views: {}; Functions: {}; Enums: {}; }, never, never, never>', gave the following error.
    Argument of type '"player_currency"' is not assignable to parameter of type 'never'.
src/app/api/progression/unlock-tier/route.ts(129,50): error TS2339: Property 'clash_shards' does not exist on type '{ address: string; display_name: string | null; wins: number; losses: number; rating: number; created_at: string; updated_at: string; } | { id: string; room_code: string | null; player1_address: string; ... 11 more ...; selection_deadline_at: string | null; } | { ...; } | { ...; } | { ...; } | { ...; }'.
  Property 'clash_shards' does not exist on type '{ address: string; display_name: string | null; wins: number; losses: number; rating: number; created_at: string; updated_at: string; }'.
src/app/api/progression/unlock-tier/route.ts(134,27): error TS2769: No overload matches this call.
  Overload 1 of 2, '(relation: "players" | "characters" | "matches" | "rounds" | "moves" | "matchmaking_queue"): PostgrestQueryBuilder<{ PostgrestVersion: "12"; }, { Tables: { players: { Row: { address: string; display_name: string | null; ... 4 more ...; updated_at: string; }; Insert: { ...; }; Update: { ...; }; Relationships: []; }; ... 4 more ...; matchmaking_queue: { ...; }; }; Views: {}; Functions: {}; Enums: {}; }, { ...; } | ... 4 more ... | { ...; }, "players" | ... 4 more ... | "matchmaking_queue", [] | ... 3 more ... | [...]>', gave the following error.
    Argument of type '"player_currency"' is not assignable to parameter of type '"players" | "characters" | "matches" | "rounds" | "moves" | "matchmaking_queue"'.
  Overload 2 of 2, '(relation: never): PostgrestQueryBuilder<{ PostgrestVersion: "12"; }, { Tables: { players: { Row: { address: string; display_name: string | null; wins: number; losses: number; rating: number; created_at: string; updated_at: string; }; Insert: { ...; }; Update: { ...; }; Relationships: []; }; ... 4 more ...; matchmaking_queue: { ...; }; }; Views: {}; Functions: {}; Enums: {}; }, never, never, never>', gave the following error.
    Argument of type '"player_currency"' is not assignable to parameter of type 'never'.
src/app/api/progression/unlock-tier/route.ts(137,53): error TS2339: Property 'total_earned' does not exist on type '{ address: string; display_name: string | null; wins: number; losses: number; rating: number; created_at: string; updated_at: string; } | { id: string; room_code: string | null; player1_address: string; ... 11 more ...; selection_deadline_at: string | null; } | { ...; } | { ...; } | { ...; } | { ...; }'.
  Property 'total_earned' does not exist on type '{ address: string; display_name: string | null; wins: number; losses: number; rating: number; created_at: string; updated_at: string; }'.
src/app/api/progression/unlock-tier/route.ts(142,37): error TS2769: No overload matches this call.
  Overload 1 of 2, '(relation: "players" | "characters" | "matches" | "rounds" | "moves" | "matchmaking_queue"): PostgrestQueryBuilder<{ PostgrestVersion: "12"; }, { Tables: { players: { Row: { address: string; display_name: string | null; ... 4 more ...; updated_at: string; }; Insert: { ...; }; Update: { ...; }; Relationships: []; }; ... 4 more ...; matchmaking_queue: { ...; }; }; Views: {}; Functions: {}; Enums: {}; }, { ...; } | ... 4 more ... | { ...; }, "players" | ... 4 more ... | "matchmaking_queue", [] | ... 3 more ... | [...]>', gave the following error.
    Argument of type '"player_currency"' is not assignable to parameter of type '"players" | "characters" | "matches" | "rounds" | "moves" | "matchmaking_queue"'.
  Overload 2 of 2, '(relation: never): PostgrestQueryBuilder<{ PostgrestVersion: "12"; }, { Tables: { players: { Row: { address: string; display_name: string | null; wins: number; losses: number; rating: number; created_at: string; updated_at: string; }; Insert: { ...; }; Update: { ...; }; Relationships: []; }; ... 4 more ...; matchmaking_queue: { ...; }; }; Views: {}; Functions: {}; Enums: {}; }, never, never, never>', gave the following error.
    Argument of type '"player_currency"' is not assignable to parameter of type 'never'.
src/app/api/progression/unlock-tier/route.ts(143,21): error TS2769: No overload matches this call.
  Overload 1 of 2, '(values: { address: string; display_name?: string | null | undefined; wins?: number | undefined; losses?: number | undefined; rating?: number | undefined; created_at?: string | undefined; updated_at?: string | undefined; } | ... 4 more ... | { ...; }, options?: { ...; } | undefined): PostgrestFilterBuilder<...>', gave the following error.
    Object literal may only specify known properties, and 'player_id' does not exist in type '{ address: string; display_name?: string | null | undefined; wins?: number | undefined; losses?: number | undefined; rating?: number | undefined; created_at?: string | undefined; updated_at?: string | undefined; } | ... 4 more ... | { ...; }'.
  Overload 2 of 2, '(values: ({ address: string; display_name?: string | null | undefined; wins?: number | undefined; losses?: number | undefined; rating?: number | undefined; created_at?: string | undefined; updated_at?: string | undefined; } | ... 4 more ... | { ...; })[], options?: { ...; } | undefined): PostgrestFilterBuilder<...>', gave the following error.
    Object literal may only specify known properties, and 'player_id' does not exist in type '({ address: string; display_name?: string | null | undefined; wins?: number | undefined; losses?: number | undefined; rating?: number | undefined; created_at?: string | undefined; updated_at?: string | undefined; } | ... 4 more ... | { ...; })[]'.
src/app/api/progression/unlock-tier/route.ts(151,33): error TS2769: No overload matches this call.
  Overload 1 of 2, '(relation: "players" | "characters" | "matches" | "rounds" | "moves" | "matchmaking_queue"): PostgrestQueryBuilder<{ PostgrestVersion: "12"; }, { Tables: { players: { Row: { address: string; display_name: string | null; ... 4 more ...; updated_at: string; }; Insert: { ...; }; Update: { ...; }; Relationships: []; }; ... 4 more ...; matchmaking_queue: { ...; }; }; Views: {}; Functions: {}; Enums: {}; }, { ...; } | ... 4 more ... | { ...; }, "players" | ... 4 more ... | "matchmaking_queue", [] | ... 3 more ... | [...]>', gave the following error.
    Argument of type '"currency_transactions"' is not assignable to parameter of type '"players" | "characters" | "matches" | "rounds" | "moves" | "matchmaking_queue"'.
  Overload 2 of 2, '(relation: never): PostgrestQueryBuilder<{ PostgrestVersion: "12"; }, { Tables: { players: { Row: { address: string; display_name: string | null; wins: number; losses: number; rating: number; created_at: string; updated_at: string; }; Insert: { ...; }; Update: { ...; }; Relationships: []; }; ... 4 more ...; matchmaking_queue: { ...; }; }; Views: {}; Functions: {}; Enums: {}; }, never, never, never>', gave the following error.
    Argument of type '"currency_transactions"' is not assignable to parameter of type 'never'.
src/app/api/progression/unlock-tier/route.ts(152,17): error TS2769: No overload matches this call.
  Overload 1 of 2, '(values: { address: string; display_name?: string | null | undefined; wins?: number | undefined; losses?: number | undefined; rating?: number | undefined; created_at?: string | undefined; updated_at?: string | undefined; } | ... 4 more ... | { ...; }, options?: { ...; } | undefined): PostgrestFilterBuilder<...>', gave the following error.
    Object literal may only specify known properties, and 'player_id' does not exist in type '{ address: string; display_name?: string | null | undefined; wins?: number | undefined; losses?: number | undefined; rating?: number | undefined; created_at?: string | undefined; updated_at?: string | undefined; } | ... 4 more ... | { ...; }'.
  Overload 2 of 2, '(values: ({ address: string; display_name?: string | null | undefined; wins?: number | undefined; losses?: number | undefined; rating?: number | undefined; created_at?: string | undefined; updated_at?: string | undefined; } | ... 4 more ... | { ...; })[], options?: { ...; } | undefined): PostgrestFilterBuilder<...>', gave the following error.
    Object literal may only specify known properties, and 'player_id' does not exist in type '({ address: string; display_name?: string | null | undefined; wins?: number | undefined; losses?: number | undefined; rating?: number | undefined; created_at?: string | undefined; updated_at?: string | undefined; } | ... 4 more ... | { ...; })[]'.
src/app/api/progression/unlock-tier/route.ts(165,23): error TS2769: No overload matches this call.
  Overload 1 of 2, '(relation: "players" | "characters" | "matches" | "rounds" | "moves" | "matchmaking_queue"): PostgrestQueryBuilder<{ PostgrestVersion: "12"; }, { Tables: { players: { Row: { address: string; display_name: string | null; ... 4 more ...; updated_at: string; }; Insert: { ...; }; Update: { ...; }; Relationships: []; }; ... 4 more ...; matchmaking_queue: { ...; }; }; Views: {}; Functions: {}; Enums: {}; }, { ...; } | ... 4 more ... | { ...; }, "players" | ... 4 more ... | "matchmaking_queue", [] | ... 3 more ... | [...]>', gave the following error.
    Argument of type '"cosmetic_items"' is not assignable to parameter of type '"players" | "characters" | "matches" | "rounds" | "moves" | "matchmaking_queue"'.
  Overload 2 of 2, '(relation: never): PostgrestQueryBuilder<{ PostgrestVersion: "12"; }, { Tables: { players: { Row: { address: string; display_name: string | null; wins: number; losses: number; rating: number; created_at: string; updated_at: string; }; Insert: { ...; }; Update: { ...; }; Relationships: []; }; ... 4 more ...; matchmaking_queue: { ...; }; }; Views: {}; Functions: {}; Enums: {}; }, never, never, never>', gave the following error.
    Argument of type '"cosmetic_items"' is not assignable to parameter of type 'never'.
src/app/api/progression/unlock-tier/route.ts(172,27): error TS2769: No overload matches this call.
  Overload 1 of 2, '(relation: "players" | "characters" | "matches" | "rounds" | "moves" | "matchmaking_queue"): PostgrestQueryBuilder<{ PostgrestVersion: "12"; }, { Tables: { players: { Row: { address: string; display_name: string | null; ... 4 more ...; updated_at: string; }; Insert: { ...; }; Update: { ...; }; Relationships: []; }; ... 4 more ...; matchmaking_queue: { ...; }; }; Views: {}; Functions: {}; Enums: {}; }, { ...; } | ... 4 more ... | { ...; }, "players" | ... 4 more ... | "matchmaking_queue", [] | ... 3 more ... | [...]>', gave the following error.
    Argument of type '"player_inventory"' is not assignable to parameter of type '"players" | "characters" | "matches" | "rounds" | "moves" | "matchmaking_queue"'.
  Overload 2 of 2, '(relation: never): PostgrestQueryBuilder<{ PostgrestVersion: "12"; }, { Tables: { players: { Row: { address: string; display_name: string | null; wins: number; losses: number; rating: number; created_at: string; updated_at: string; }; Insert: { ...; }; Update: { ...; }; Relationships: []; }; ... 4 more ...; matchmaking_queue: { ...; }; }; Views: {}; Functions: {}; Enums: {}; }, never, never, never>', gave the following error.
    Argument of type '"player_inventory"' is not assignable to parameter of type 'never'.
src/app/api/progression/unlock-tier/route.ts(179,41): error TS2769: No overload matches this call.
  Overload 1 of 2, '(relation: "players" | "characters" | "matches" | "rounds" | "moves" | "matchmaking_queue"): PostgrestQueryBuilder<{ PostgrestVersion: "12"; }, { Tables: { players: { Row: { address: string; display_name: string | null; ... 4 more ...; updated_at: string; }; Insert: { ...; }; Update: { ...; }; Relationships: []; }; ... 4 more ...; matchmaking_queue: { ...; }; }; Views: {}; Functions: {}; Enums: {}; }, { ...; } | ... 4 more ... | { ...; }, "players" | ... 4 more ... | "matchmaking_queue", [] | ... 3 more ... | [...]>', gave the following error.
    Argument of type '"player_inventory"' is not assignable to parameter of type '"players" | "characters" | "matches" | "rounds" | "moves" | "matchmaking_queue"'.
  Overload 2 of 2, '(relation: never): PostgrestQueryBuilder<{ PostgrestVersion: "12"; }, { Tables: { players: { Row: { address: string; display_name: string | null; wins: number; losses: number; rating: number; created_at: string; updated_at: string; }; Insert: { ...; }; Update: { ...; }; Relationships: []; }; ... 4 more ...; matchmaking_queue: { ...; }; }; Views: {}; Functions: {}; Enums: {}; }, never, never, never>', gave the following error.
    Argument of type '"player_inventory"' is not assignable to parameter of type 'never'.
src/app/api/progression/unlock-tier/route.ts(180,25): error TS2769: No overload matches this call.
  Overload 1 of 2, '(values: { address: string; display_name?: string | null | undefined; wins?: number | undefined; losses?: number | undefined; rating?: number | undefined; created_at?: string | undefined; updated_at?: string | undefined; } | ... 4 more ... | { ...; }, options?: { ...; } | undefined): PostgrestFilterBuilder<...>', gave the following error.
    Object literal may only specify known properties, and 'player_id' does not exist in type '{ address: string; display_name?: string | null | undefined; wins?: number | undefined; losses?: number | undefined; rating?: number | undefined; created_at?: string | undefined; updated_at?: string | undefined; } | ... 4 more ... | { ...; }'.
  Overload 2 of 2, '(values: ({ address: string; display_name?: string | null | undefined; wins?: number | undefined; losses?: number | undefined; rating?: number | undefined; created_at?: string | undefined; updated_at?: string | undefined; } | ... 4 more ... | { ...; })[], options?: { ...; } | undefined): PostgrestFilterBuilder<...>', gave the following error.
    Object literal may only specify known properties, and 'player_id' does not exist in type '({ address: string; display_name?: string | null | undefined; wins?: number | undefined; losses?: number | undefined; rating?: number | undefined; created_at?: string | undefined; updated_at?: string | undefined; } | ... 4 more ... | { ...; })[]'.
src/app/battle-pass/page.tsx(18,33): error TS2305: Module '"@/lib/progression/xp-calculator"' has no exported member 'calculateSeasonTotalRewards'.
src/app/battle-pass/page.tsx(23,5): error TS2724: '"@hugeicons/core-free-icons"' has no exported member named 'Trophy01Icon'. Did you mean 'Copy01Icon'?
src/app/battle-pass/page.tsx(86,22): error TS2339: Property 'isConnected' does not exist on type 'WalletStore'.
src/app/battle-pass/page.tsx(310,40): error TS2604: JSX element type 'DiamondIcon' does not have any construct or call signatures.
src/app/battle-pass/page.tsx(310,40): error TS2786: 'DiamondIcon' cannot be used as a JSX component.
  Its type 'IconSvgObject' is not a valid JSX element type.
    Type '[string, { [key: string]: string | number; }][]' is not assignable to type 'ElementType'.
src/app/battle-pass/page.tsx(316,40): error TS2604: JSX element type 'Calendar03Icon' does not have any construct or call signatures.
src/app/battle-pass/page.tsx(316,40): error TS2786: 'Calendar03Icon' cannot be used as a JSX component.
  Its type 'IconSvgObject' is not a valid JSX element type.
    Type '[string, { [key: string]: string | number; }][]' is not assignable to type 'ElementType'.
src/components/progression/BattlePassTiers.tsx(17,5): error TS2724: '"@hugeicons/core-free-icons"' has no exported member named 'Gift01Icon'. Did you mean 'Gif01Icon'?
src/components/progression/BattlePassTiers.tsx(85,21): error TS2604: JSX element type 'DiamondIcon' does not have any construct or call signatures.
src/components/progression/BattlePassTiers.tsx(85,21): error TS2786: 'DiamondIcon' cannot be used as a JSX component.
  Its type 'IconSvgObject' is not a valid JSX element type.
    Type '[string, { [key: string]: string | number; }][]' is not assignable to type 'ElementType'.
src/components/progression/BattlePassTiers.tsx(87,21): error TS2604: JSX element type 'SparklesIcon' does not have any construct or call signatures.
src/components/progression/BattlePassTiers.tsx(87,21): error TS2786: 'SparklesIcon' cannot be used as a JSX component.
  Its type 'IconSvgObject' is not a valid JSX element type.
    Type '[string, { [key: string]: string | number; }][]' is not assignable to type 'ElementType'.
src/components/progression/BattlePassTiers.tsx(178,26): error TS2604: JSX element type 'DiamondIcon' does not have any construct or call signatures.
src/components/progression/BattlePassTiers.tsx(178,26): error TS2786: 'DiamondIcon' cannot be used as a JSX component.
  Its type 'IconSvgObject' is not a valid JSX element type.
    Type '[string, { [key: string]: string | number; }][]' is not assignable to type 'ElementType'.
src/components/progression/BattlePassTiers.tsx(189,30): error TS2604: JSX element type 'SparklesIcon' does not have any construct or call signatures.
src/components/progression/BattlePassTiers.tsx(189,30): error TS2786: 'SparklesIcon' cannot be used as a JSX component.
  Its type 'IconSvgObject' is not a valid JSX element type.
    Type '[string, { [key: string]: string | number; }][]' is not assignable to type 'ElementType'.
src/components/progression/BattlePassTiers.tsx(304,22): error TS2604: JSX element type 'DiamondIcon' does not have any construct or call signatures.
src/components/progression/BattlePassTiers.tsx(304,22): error TS2786: 'DiamondIcon' cannot be used as a JSX component.
  Its type 'IconSvgObject' is not a valid JSX element type.
    Type '[string, { [key: string]: string | number; }][]' is not assignable to type 'ElementType'.
src/components/progression/BattlePassTiers.tsx(308,22): error TS2604: JSX element type 'SparklesIcon' does not have any construct or call signatures.
src/components/progression/BattlePassTiers.tsx(308,22): error TS2786: 'SparklesIcon' cannot be used as a JSX component.
  Its type 'IconSvgObject' is not a valid JSX element type.
    Type '[string, { [key: string]: string | number; }][]' is not assignable to type 'ElementType'.
src/components/progression/TierUnlockModal.tsx(24,5): error TS2724: '"@hugeicons/core-free-icons"' has no exported member named 'Gift01Icon'. Did you mean 'Gif01Icon'?
src/components/progression/TierUnlockModal.tsx(87,26): error TS2604: JSX element type 'DiamondIcon' does not have any construct or call signatures.
src/components/progression/TierUnlockModal.tsx(87,26): error TS2786: 'DiamondIcon' cannot be used as a JSX component.
  Its type 'IconSvgObject' is not a valid JSX element type.
    Type '[string, { [key: string]: string | number; }][]' is not assignable to type 'ElementType'.
src/components/progression/TierUnlockModal.tsx(102,26): error TS2604: JSX element type 'SparklesIcon' does not have any construct or call signatures.
src/components/progression/TierUnlockModal.tsx(102,26): error TS2786: 'SparklesIcon' cannot be used as a JSX component.
  Its type 'IconSvgObject' is not a valid JSX element type.
    Type '[string, { [key: string]: string | number; }][]' is not assignable to type 'ElementType'.
src/components/progression/TierUnlockModal.tsx(331,42): error TS2604: JSX element type 'DiamondIcon' does not have any construct or call signatures.
src/components/progression/TierUnlockModal.tsx(331,42): error TS2786: 'DiamondIcon' cannot be used as a JSX component.
  Its type 'IconSvgObject' is not a valid JSX element type.
    Type '[string, { [key: string]: string | number; }][]' is not assignable to type 'ElementType'.
src/components/progression/TierUnlockModal.tsx(339,42): error TS2604: JSX element type 'SparklesIcon' does not have any construct or call signatures.
src/components/progression/TierUnlockModal.tsx(339,42): error TS2786: 'SparklesIcon' cannot be used as a JSX component.
  Its type 'IconSvgObject' is not a valid JSX element type.
    Type '[string, { [key: string]: string | number; }][]' is not assignable to type 'ElementType'.
src/game/managers/ProgressionManager.ts(78,34): error TS2345: Argument of type '(data: { winner: string; loser: string; player1Address: string; player2Address: string; player1RoundsWon: number; player2RoundsWon: number; currentPlayerAddress: string; }) => Promise<void>' is not assignable to parameter of type '(data: unknown) => void'.
  Types of parameters 'data' and 'data' are incompatible.
    Type 'unknown' is not assignable to type '{ winner: string; loser: string; player1Address: string; player2Address: string; player1RoundsWon: number; player2RoundsWon: number; currentPlayerAddress: string; }'.
src/game/managers/ProgressionManager.ts(79,39): error TS2345: Argument of type '(data: { roundNumber: number; winner: string; currentPlayerAddress: string; }) => void' is not assignable to parameter of type '(data: unknown) => void'.
  Types of parameters 'data' and 'data' are incompatible.
    Type 'unknown' is not assignable to type '{ roundNumber: number; winner: string; currentPlayerAddress: string; }'.
src/game/managers/ProgressionManager.ts(365,35): error TS2345: Argument of type '(data: { winner: string; loser: string; player1Address: string; player2Address: string; player1RoundsWon: number; player2RoundsWon: number; currentPlayerAddress: string; }) => Promise<void>' is not assignable to parameter of type '(data: unknown) => void'.
  Types of parameters 'data' and 'data' are incompatible.
    Type 'unknown' is not assignable to type '{ winner: string; loser: string; player1Address: string; player2Address: string; player1RoundsWon: number; player2RoundsWon: number; currentPlayerAddress: string; }'.
src/game/managers/ProgressionManager.ts(366,40): error TS2345: Argument of type '(data: { roundNumber: number; winner: string; currentPlayerAddress: string; }) => void' is not assignable to parameter of type '(data: unknown) => void'.
  Types of parameters 'data' and 'data' are incompatible.
    Type 'unknown' is not assignable to type '{ roundNumber: number; winner: string; currentPlayerAddress: string; }'.
src/lib/progression/season-manager.ts(34,15): error TS2769: No overload matches this call.
  Overload 1 of 2, '(relation: "players" | "characters" | "matches" | "rounds" | "moves" | "matchmaking_queue"): PostgrestQueryBuilder<{ PostgrestVersion: "12"; }, { Tables: { players: { Row: { address: string; display_name: string | null; ... 4 more ...; updated_at: string; }; Insert: { ...; }; Update: { ...; }; Relationships: []; }; ... 4 more ...; matchmaking_queue: { ...; }; }; Views: {}; Functions: {}; Enums: {}; }, { ...; } | ... 4 more ... | { ...; }, "players" | ... 4 more ... | "matchmaking_queue", [] | ... 3 more ... | [...]>', gave the following error.
    Argument of type '"battle_pass_seasons"' is not assignable to parameter of type '"players" | "characters" | "matches" | "rounds" | "moves" | "matchmaking_queue"'.
  Overload 2 of 2, '(relation: never): PostgrestQueryBuilder<{ PostgrestVersion: "12"; }, { Tables: { players: { Row: { address: string; display_name: string | null; wins: number; losses: number; rating: number; created_at: string; updated_at: string; }; Insert: { ...; }; Update: { ...; }; Relationships: []; }; ... 4 more ...; matchmaking_queue: { ...; }; }; Views: {}; Functions: {}; Enums: {}; }, never, never, never>', gave the following error.
    Argument of type '"battle_pass_seasons"' is not assignable to parameter of type 'never'.
src/lib/progression/season-manager.ts(44,18): error TS2339: Property 'id' does not exist on type '{ address: string; display_name: string | null; wins: number; losses: number; rating: number; created_at: string; updated_at: string; } | { id: string; room_code: string | null; player1_address: string; ... 11 more ...; selection_deadline_at: string | null; } | { ...; } | { ...; } | { ...; } | { ...; }'.
  Property 'id' does not exist on type '{ address: string; display_name: string | null; wins: number; losses: number; rating: number; created_at: string; updated_at: string; }'.
src/lib/progression/season-manager.ts(45,20): error TS2339: Property 'name' does not exist on type '{ address: string; display_name: string | null; wins: number; losses: number; rating: number; created_at: string; updated_at: string; } | { id: string; room_code: string | null; player1_address: string; ... 11 more ...; selection_deadline_at: string | null; } | { ...; } | { ...; } | { ...; } | { ...; }'.
  Property 'name' does not exist on type '{ address: string; display_name: string | null; wins: number; losses: number; rating: number; created_at: string; updated_at: string; }'.
src/lib/progression/season-manager.ts(46,27): error TS2339: Property 'description' does not exist on type '{ address: string; display_name: string | null; wins: number; losses: number; rating: number; created_at: string; updated_at: string; } | { id: string; room_code: string | null; player1_address: string; ... 11 more ...; selection_deadline_at: string | null; } | { ...; } | { ...; } | { ...; } | { ...; }'.
  Property 'description' does not exist on type '{ address: string; display_name: string | null; wins: number; losses: number; rating: number; created_at: string; updated_at: string; }'.
src/lib/progression/season-manager.ts(47,34): error TS2339: Property 'start_date' does not exist on type '{ address: string; display_name: string | null; wins: number; losses: number; rating: number; created_at: string; updated_at: string; } | { id: string; room_code: string | null; player1_address: string; ... 11 more ...; selection_deadline_at: string | null; } | { ...; } | { ...; } | { ...; } | { ...; }'.
  Property 'start_date' does not exist on type '{ address: string; display_name: string | null; wins: number; losses: number; rating: number; created_at: string; updated_at: string; }'.
src/lib/progression/season-manager.ts(48,32): error TS2339: Property 'end_date' does not exist on type '{ address: string; display_name: string | null; wins: number; losses: number; rating: number; created_at: string; updated_at: string; } | { id: string; room_code: string | null; player1_address: string; ... 11 more ...; selection_deadline_at: string | null; } | { ...; } | { ...; } | { ...; } | { ...; }'.
  Property 'end_date' does not exist on type '{ address: string; display_name: string | null; wins: number; losses: number; rating: number; created_at: string; updated_at: string; }'.
src/lib/progression/season-manager.ts(49,25): error TS2339: Property 'tier_count' does not exist on type '{ address: string; display_name: string | null; wins: number; losses: number; rating: number; created_at: string; updated_at: string; } | { id: string; room_code: string | null; player1_address: string; ... 11 more ...; selection_deadline_at: string | null; } | { ...; } | { ...; } | { ...; } | { ...; }'.
  Property 'tier_count' does not exist on type '{ address: string; display_name: string | null; wins: number; losses: number; rating: number; created_at: string; updated_at: string; }'.
src/lib/progression/season-manager.ts(50,24): error TS2339: Property 'is_active' does not exist on type '{ address: string; display_name: string | null; wins: number; losses: number; rating: number; created_at: string; updated_at: string; } | { id: string; room_code: string | null; player1_address: string; ... 11 more ...; selection_deadline_at: string | null; } | { ...; } | { ...; } | { ...; } | { ...; }'.
  Property 'is_active' does not exist on type '{ address: string; display_name: string | null; wins: number; losses: number; rating: number; created_at: string; updated_at: string; }'.
src/lib/progression/season-manager.ts(51,23): error TS2339: Property 'version' does not exist on type '{ address: string; display_name: string | null; wins: number; losses: number; rating: number; created_at: string; updated_at: string; } | { id: string; room_code: string | null; player1_address: string; ... 11 more ...; selection_deadline_at: string | null; } | { ...; } | { ...; } | { ...; } | { ...; }'.
  Property 'version' does not exist on type '{ address: string; display_name: string | null; wins: number; losses: number; rating: number; created_at: string; updated_at: string; }'.
src/lib/progression/season-manager.ts(62,15): error TS2769: No overload matches this call.
  Overload 1 of 2, '(relation: "players" | "characters" | "matches" | "rounds" | "moves" | "matchmaking_queue"): PostgrestQueryBuilder<{ PostgrestVersion: "12"; }, { Tables: { players: { Row: { address: string; display_name: string | null; ... 4 more ...; updated_at: string; }; Insert: { ...; }; Update: { ...; }; Relationships: []; }; ... 4 more ...; matchmaking_queue: { ...; }; }; Views: {}; Functions: {}; Enums: {}; }, { ...; } | ... 4 more ... | { ...; }, "players" | ... 4 more ... | "matchmaking_queue", [] | ... 3 more ... | [...]>', gave the following error.
    Argument of type '"battle_pass_seasons"' is not assignable to parameter of type '"players" | "characters" | "matches" | "rounds" | "moves" | "matchmaking_queue"'.
  Overload 2 of 2, '(relation: never): PostgrestQueryBuilder<{ PostgrestVersion: "12"; }, { Tables: { players: { Row: { address: string; display_name: string | null; wins: number; losses: number; rating: number; created_at: string; updated_at: string; }; Insert: { ...; }; Update: { ...; }; Relationships: []; }; ... 4 more ...; matchmaking_queue: { ...; }; }; Views: {}; Functions: {}; Enums: {}; }, never, never, never>', gave the following error.
    Argument of type '"battle_pass_seasons"' is not assignable to parameter of type 'never'.
src/lib/progression/season-manager.ts(71,20): error TS2339: Property 'id' does not exist on type '{ address: string; display_name: string | null; wins: number; losses: number; rating: number; created_at: string; updated_at: string; } | { id: string; room_code: string | null; player1_address: string; ... 11 more ...; selection_deadline_at: string | null; } | { ...; } | { ...; } | { ...; } | { ...; }'.
  Property 'id' does not exist on type '{ address: string; display_name: string | null; wins: number; losses: number; rating: number; created_at: string; updated_at: string; }'.
src/lib/progression/season-manager.ts(72,22): error TS2339: Property 'name' does not exist on type '{ address: string; display_name: string | null; wins: number; losses: number; rating: number; created_at: string; updated_at: string; } | { id: string; room_code: string | null; player1_address: string; ... 11 more ...; selection_deadline_at: string | null; } | { ...; } | { ...; } | { ...; } | { ...; }'.
  Property 'name' does not exist on type '{ address: string; display_name: string | null; wins: number; losses: number; rating: number; created_at: string; updated_at: string; }'.
src/lib/progression/season-manager.ts(73,29): error TS2339: Property 'description' does not exist on type '{ address: string; display_name: string | null; wins: number; losses: number; rating: number; created_at: string; updated_at: string; } | { id: string; room_code: string | null; player1_address: string; ... 11 more ...; selection_deadline_at: string | null; } | { ...; } | { ...; } | { ...; } | { ...; }'.
  Property 'description' does not exist on type '{ address: string; display_name: string | null; wins: number; losses: number; rating: number; created_at: string; updated_at: string; }'.
src/lib/progression/season-manager.ts(74,36): error TS2339: Property 'start_date' does not exist on type '{ address: string; display_name: string | null; wins: number; losses: number; rating: number; created_at: string; updated_at: string; } | { id: string; room_code: string | null; player1_address: string; ... 11 more ...; selection_deadline_at: string | null; } | { ...; } | { ...; } | { ...; } | { ...; }'.
  Property 'start_date' does not exist on type '{ address: string; display_name: string | null; wins: number; losses: number; rating: number; created_at: string; updated_at: string; }'.
src/lib/progression/season-manager.ts(75,34): error TS2339: Property 'end_date' does not exist on type '{ address: string; display_name: string | null; wins: number; losses: number; rating: number; created_at: string; updated_at: string; } | { id: string; room_code: string | null; player1_address: string; ... 11 more ...; selection_deadline_at: string | null; } | { ...; } | { ...; } | { ...; } | { ...; }'.
  Property 'end_date' does not exist on type '{ address: string; display_name: string | null; wins: number; losses: number; rating: number; created_at: string; updated_at: string; }'.
src/lib/progression/season-manager.ts(76,27): error TS2339: Property 'tier_count' does not exist on type '{ address: string; display_name: string | null; wins: number; losses: number; rating: number; created_at: string; updated_at: string; } | { id: string; room_code: string | null; player1_address: string; ... 11 more ...; selection_deadline_at: string | null; } | { ...; } | { ...; } | { ...; } | { ...; }'.
  Property 'tier_count' does not exist on type '{ address: string; display_name: string | null; wins: number; losses: number; rating: number; created_at: string; updated_at: string; }'.
src/lib/progression/season-manager.ts(77,26): error TS2339: Property 'is_active' does not exist on type '{ address: string; display_name: string | null; wins: number; losses: number; rating: number; created_at: string; updated_at: string; } | { id: string; room_code: string | null; player1_address: string; ... 11 more ...; selection_deadline_at: string | null; } | { ...; } | { ...; } | { ...; } | { ...; }'.
  Property 'is_active' does not exist on type '{ address: string; display_name: string | null; wins: number; losses: number; rating: number; created_at: string; updated_at: string; }'.
src/lib/progression/season-manager.ts(78,25): error TS2339: Property 'version' does not exist on type '{ address: string; display_name: string | null; wins: number; losses: number; rating: number; created_at: string; updated_at: string; } | { id: string; room_code: string | null; player1_address: string; ... 11 more ...; selection_deadline_at: string | null; } | { ...; } | { ...; } | { ...; } | { ...; }'.
  Property 'version' does not exist on type '{ address: string; display_name: string | null; wins: number; losses: number; rating: number; created_at: string; updated_at: string; }'.
src/lib/progression/season-manager.ts(94,15): error TS2769: No overload matches this call.
  Overload 1 of 2, '(relation: "players" | "characters" | "matches" | "rounds" | "moves" | "matchmaking_queue"): PostgrestQueryBuilder<{ PostgrestVersion: "12"; }, { Tables: { players: { Row: { address: string; display_name: string | null; ... 4 more ...; updated_at: string; }; Insert: { ...; }; Update: { ...; }; Relationships: []; }; ... 4 more ...; matchmaking_queue: { ...; }; }; Views: {}; Functions: {}; Enums: {}; }, { ...; } | ... 4 more ... | { ...; }, "players" | ... 4 more ... | "matchmaking_queue", [] | ... 3 more ... | [...]>', gave the following error.
    Argument of type '"player_progression"' is not assignable to parameter of type '"players" | "characters" | "matches" | "rounds" | "moves" | "matchmaking_queue"'.
  Overload 2 of 2, '(relation: never): PostgrestQueryBuilder<{ PostgrestVersion: "12"; }, { Tables: { players: { Row: { address: string; display_name: string | null; wins: number; losses: number; rating: number; created_at: string; updated_at: string; }; Insert: { ...; }; Update: { ...; }; Relationships: []; }; ... 4 more ...; matchmaking_queue: { ...; }; }; Views: {}; Functions: {}; Enums: {}; }, never, never, never>', gave the following error.
    Argument of type '"player_progression"' is not assignable to parameter of type 'never'.
src/lib/progression/season-manager.ts(105,24): error TS2339: Property 'player_id' does not exist on type '{ address: string; display_name: string | null; wins: number; losses: number; rating: number; created_at: string; updated_at: string; } | { id: string; room_code: string | null; player1_address: string; ... 11 more ...; selection_deadline_at: string | null; } | { ...; } | { ...; } | { ...; } | { ...; }'.
  Property 'player_id' does not exist on type '{ address: string; display_name: string | null; wins: number; losses: number; rating: number; created_at: string; updated_at: string; }'.
src/lib/progression/season-manager.ts(106,24): error TS2339: Property 'season_id' does not exist on type '{ address: string; display_name: string | null; wins: number; losses: number; rating: number; created_at: string; updated_at: string; } | { id: string; room_code: string | null; player1_address: string; ... 11 more ...; selection_deadline_at: string | null; } | { ...; } | { ...; } | { ...; } | { ...; }'.
  Property 'season_id' does not exist on type '{ address: string; display_name: string | null; wins: number; losses: number; rating: number; created_at: string; updated_at: string; }'.
src/lib/progression/season-manager.ts(107,27): error TS2339: Property 'current_tier' does not exist on type '{ address: string; display_name: string | null; wins: number; losses: number; rating: number; created_at: string; updated_at: string; } | { id: string; room_code: string | null; player1_address: string; ... 11 more ...; selection_deadline_at: string | null; } | { ...; } | { ...; } | { ...; } | { ...; }'.
  Property 'current_tier' does not exist on type '{ address: string; display_name: string | null; wins: number; losses: number; rating: number; created_at: string; updated_at: string; }'.
src/lib/progression/season-manager.ts(108,25): error TS2339: Property 'current_xp' does not exist on type '{ address: string; display_name: string | null; wins: number; losses: number; rating: number; created_at: string; updated_at: string; } | { id: string; room_code: string | null; player1_address: string; ... 11 more ...; selection_deadline_at: string | null; } | { ...; } | { ...; } | { ...; } | { ...; }'.
  Property 'current_xp' does not exist on type '{ address: string; display_name: string | null; wins: number; losses: number; rating: number; created_at: string; updated_at: string; }'.
src/lib/progression/season-manager.ts(109,23): error TS2339: Property 'total_xp' does not exist on type '{ address: string; display_name: string | null; wins: number; losses: number; rating: number; created_at: string; updated_at: string; } | { id: string; room_code: string | null; player1_address: string; ... 11 more ...; selection_deadline_at: string | null; } | { ...; } | { ...; } | { ...; } | { ...; }'.
  Property 'total_xp' does not exist on type '{ address: string; display_name: string | null; wins: number; losses: number; rating: number; created_at: string; updated_at: string; }'.
src/lib/progression/season-manager.ts(110,29): error TS2339: Property 'prestige_level' does not exist on type '{ address: string; display_name: string | null; wins: number; losses: number; rating: number; created_at: string; updated_at: string; } | { id: string; room_code: string | null; player1_address: string; ... 11 more ...; selection_deadline_at: string | null; } | { ...; } | { ...; } | { ...; } | { ...; }'.
  Property 'prestige_level' does not exist on type '{ address: string; display_name: string | null; wins: number; losses: number; rating: number; created_at: string; updated_at: string; }'.
src/lib/progression/season-manager.ts(111,36): error TS2339: Property 'updated_at' does not exist on type '{ address: string; display_name: string | null; wins: number; losses: number; rating: number; created_at: string; updated_at: string; } | { id: string; room_code: string | null; player1_address: string; ... 11 more ...; selection_deadline_at: string | null; } | { ...; } | { ...; } | { ...; } | { ...; }'.
  Property 'updated_at' does not exist on type '{ id: string; room_code: string | null; player1_address: string; player2_address: string | null; player1_character_id: string | null; player2_character_id: string | null; format: string; ... 7 more ...; selection_deadline_at: string | null; }'.
src/lib/progression/season-manager.ts(126,15): error TS2769: No overload matches this call.
  Overload 1 of 2, '(relation: "players" | "characters" | "matches" | "rounds" | "moves" | "matchmaking_queue"): PostgrestQueryBuilder<{ PostgrestVersion: "12"; }, { Tables: { players: { Row: { address: string; display_name: string | null; ... 4 more ...; updated_at: string; }; Insert: { ...; }; Update: { ...; }; Relationships: []; }; ... 4 more ...; matchmaking_queue: { ...; }; }; Views: {}; Functions: {}; Enums: {}; }, { ...; } | ... 4 more ... | { ...; }, "players" | ... 4 more ... | "matchmaking_queue", [] | ... 3 more ... | [...]>', gave the following error.
    Argument of type '"player_progression"' is not assignable to parameter of type '"players" | "characters" | "matches" | "rounds" | "moves" | "matchmaking_queue"'.
  Overload 2 of 2, '(relation: never): PostgrestQueryBuilder<{ PostgrestVersion: "12"; }, { Tables: { players: { Row: { address: string; display_name: string | null; wins: number; losses: number; rating: number; created_at: string; updated_at: string; }; Insert: { ...; }; Update: { ...; }; Relationships: []; }; ... 4 more ...; matchmaking_queue: { ...; }; }; Views: {}; Functions: {}; Enums: {}; }, never, never, never>', gave the following error.
    Argument of type '"player_progression"' is not assignable to parameter of type 'never'.
src/lib/progression/season-manager.ts(139,15): error TS2769: No overload matches this call.
  Overload 1 of 2, '(relation: "players" | "characters" | "matches" | "rounds" | "moves" | "matchmaking_queue"): PostgrestQueryBuilder<{ PostgrestVersion: "12"; }, { Tables: { players: { Row: { address: string; display_name: string | null; ... 4 more ...; updated_at: string; }; Insert: { ...; }; Update: { ...; }; Relationships: []; }; ... 4 more ...; matchmaking_queue: { ...; }; }; Views: {}; Functions: {}; Enums: {}; }, { ...; } | ... 4 more ... | { ...; }, "players" | ... 4 more ... | "matchmaking_queue", [] | ... 3 more ... | [...]>', gave the following error.
    Argument of type '"player_progression"' is not assignable to parameter of type '"players" | "characters" | "matches" | "rounds" | "moves" | "matchmaking_queue"'.
  Overload 2 of 2, '(relation: never): PostgrestQueryBuilder<{ PostgrestVersion: "12"; }, { Tables: { players: { Row: { address: string; display_name: string | null; wins: number; losses: number; rating: number; created_at: string; updated_at: string; }; Insert: { ...; }; Update: { ...; }; Relationships: []; }; ... 4 more ...; matchmaking_queue: { ...; }; }; Views: {}; Functions: {}; Enums: {}; }, never, never, never>', gave the following error.
    Argument of type '"player_progression"' is not assignable to parameter of type 'never'.
src/lib/progression/season-manager.ts(146,48): error TS2339: Property 'prestige_level' does not exist on type 'SelectQueryError<"column 'prestige_level' does not exist on 'players'."> | SelectQueryError<"column 'prestige_level' does not exist on 'characters'."> | SelectQueryError<...> | SelectQueryError<...> | SelectQueryError<...> | SelectQueryError<...>'.
  Property 'prestige_level' does not exist on type 'SelectQueryError<"column 'prestige_level' does not exist on 'players'.">'.
src/lib/progression/season-manager.ts(147,55): error TS2339: Property 'prestige_xp_multiplier' does not exist on type 'SelectQueryError<"column 'prestige_level' does not exist on 'players'."> | SelectQueryError<"column 'prestige_level' does not exist on 'characters'."> | SelectQueryError<...> | SelectQueryError<...> | SelectQueryError<...> | SelectQueryError<...>'.
  Property 'prestige_xp_multiplier' does not exist on type 'SelectQueryError<"column 'prestige_level' does not exist on 'players'.">'.
src/lib/progression/season-manager.ts(148,61): error TS2339: Property 'prestige_currency_multiplier' does not exist on type 'SelectQueryError<"column 'prestige_level' does not exist on 'players'."> | SelectQueryError<"column 'prestige_level' does not exist on 'characters'."> | SelectQueryError<...> | SelectQueryError<...> | SelectQueryError<...> | SelectQueryError<...>'.
  Property 'prestige_currency_multiplier' does not exist on type 'SelectQueryError<"column 'prestige_level' does not exist on 'players'.">'.
src/lib/progression/season-manager.ts(152,15): error TS2769: No overload matches this call.
  Overload 1 of 2, '(relation: "players" | "characters" | "matches" | "rounds" | "moves" | "matchmaking_queue"): PostgrestQueryBuilder<{ PostgrestVersion: "12"; }, { Tables: { players: { Row: { address: string; display_name: string | null; ... 4 more ...; updated_at: string; }; Insert: { ...; }; Update: { ...; }; Relationships: []; }; ... 4 more ...; matchmaking_queue: { ...; }; }; Views: {}; Functions: {}; Enums: {}; }, { ...; } | ... 4 more ... | { ...; }, "players" | ... 4 more ... | "matchmaking_queue", [] | ... 3 more ... | [...]>', gave the following error.
    Argument of type '"player_progression"' is not assignable to parameter of type '"players" | "characters" | "matches" | "rounds" | "moves" | "matchmaking_queue"'.
  Overload 2 of 2, '(relation: never): PostgrestQueryBuilder<{ PostgrestVersion: "12"; }, { Tables: { players: { Row: { address: string; display_name: string | null; wins: number; losses: number; rating: number; created_at: string; updated_at: string; }; Insert: { ...; }; Update: { ...; }; Relationships: []; }; ... 4 more ...; matchmaking_queue: { ...; }; }; Views: {}; Functions: {}; Enums: {}; }, never, never, never>', gave the following error.
    Argument of type '"player_progression"' is not assignable to parameter of type 'never'.
src/lib/progression/season-manager.ts(154,13): error TS2769: No overload matches this call.
  Overload 1 of 2, '(values: { address: string; display_name?: string | null | undefined; wins?: number | undefined; losses?: number | undefined; rating?: number | undefined; created_at?: string | undefined; updated_at?: string | undefined; } | ... 4 more ... | { ...; }, options?: { ...; } | undefined): PostgrestFilterBuilder<...>', gave the following error.
    Object literal may only specify known properties, and 'player_id' does not exist in type '{ address: string; display_name?: string | null | undefined; wins?: number | undefined; losses?: number | undefined; rating?: number | undefined; created_at?: string | undefined; updated_at?: string | undefined; } | ... 4 more ... | { ...; }'.
  Overload 2 of 2, '(values: ({ address: string; display_name?: string | null | undefined; wins?: number | undefined; losses?: number | undefined; rating?: number | undefined; created_at?: string | undefined; updated_at?: string | undefined; } | ... 4 more ... | { ...; })[], options?: { ...; } | undefined): PostgrestFilterBuilder<...>', gave the following error.
    Object literal may only specify known properties, and 'player_id' does not exist in type '({ address: string; display_name?: string | null | undefined; wins?: number | undefined; losses?: number | undefined; rating?: number | undefined; created_at?: string | undefined; updated_at?: string | undefined; } | ... 4 more ... | { ...; })[]'.
src/lib/progression/season-manager.ts(171,24): error TS2339: Property 'player_id' does not exist on type '{ address: string; display_name: string | null; wins: number; losses: number; rating: number; created_at: string; updated_at: string; } | { id: string; room_code: string | null; player1_address: string; ... 11 more ...; selection_deadline_at: string | null; } | { ...; } | { ...; } | { ...; } | { ...; }'.
  Property 'player_id' does not exist on type '{ address: string; display_name: string | null; wins: number; losses: number; rating: number; created_at: string; updated_at: string; }'.
src/lib/progression/season-manager.ts(172,24): error TS2339: Property 'season_id' does not exist on type '{ address: string; display_name: string | null; wins: number; losses: number; rating: number; created_at: string; updated_at: string; } | { id: string; room_code: string | null; player1_address: string; ... 11 more ...; selection_deadline_at: string | null; } | { ...; } | { ...; } | { ...; } | { ...; }'.
  Property 'season_id' does not exist on type '{ address: string; display_name: string | null; wins: number; losses: number; rating: number; created_at: string; updated_at: string; }'.
src/lib/progression/season-manager.ts(173,27): error TS2339: Property 'current_tier' does not exist on type '{ address: string; display_name: string | null; wins: number; losses: number; rating: number; created_at: string; updated_at: string; } | { id: string; room_code: string | null; player1_address: string; ... 11 more ...; selection_deadline_at: string | null; } | { ...; } | { ...; } | { ...; } | { ...; }'.
  Property 'current_tier' does not exist on type '{ address: string; display_name: string | null; wins: number; losses: number; rating: number; created_at: string; updated_at: string; }'.
src/lib/progression/season-manager.ts(174,25): error TS2339: Property 'current_xp' does not exist on type '{ address: string; display_name: string | null; wins: number; losses: number; rating: number; created_at: string; updated_at: string; } | { id: string; room_code: string | null; player1_address: string; ... 11 more ...; selection_deadline_at: string | null; } | { ...; } | { ...; } | { ...; } | { ...; }'.
  Property 'current_xp' does not exist on type '{ address: string; display_name: string | null; wins: number; losses: number; rating: number; created_at: string; updated_at: string; }'.
src/lib/progression/season-manager.ts(175,23): error TS2339: Property 'total_xp' does not exist on type '{ address: string; display_name: string | null; wins: number; losses: number; rating: number; created_at: string; updated_at: string; } | { id: string; room_code: string | null; player1_address: string; ... 11 more ...; selection_deadline_at: string | null; } | { ...; } | { ...; } | { ...; } | { ...; }'.
  Property 'total_xp' does not exist on type '{ address: string; display_name: string | null; wins: number; losses: number; rating: number; created_at: string; updated_at: string; }'.
src/lib/progression/season-manager.ts(176,29): error TS2339: Property 'prestige_level' does not exist on type '{ address: string; display_name: string | null; wins: number; losses: number; rating: number; created_at: string; updated_at: string; } | { id: string; room_code: string | null; player1_address: string; ... 11 more ...; selection_deadline_at: string | null; } | { ...; } | { ...; } | { ...; } | { ...; }'.
  Property 'prestige_level' does not exist on type '{ address: string; display_name: string | null; wins: number; losses: number; rating: number; created_at: string; updated_at: string; }'.
src/lib/progression/season-manager.ts(177,36): error TS2339: Property 'updated_at' does not exist on type '{ address: string; display_name: string | null; wins: number; losses: number; rating: number; created_at: string; updated_at: string; } | { id: string; room_code: string | null; player1_address: string; ... 11 more ...; selection_deadline_at: string | null; } | { ...; } | { ...; } | { ...; } | { ...; }'.
  Property 'updated_at' does not exist on type '{ id: string; room_code: string | null; player1_address: string; player2_address: string | null; player1_character_id: string | null; player2_character_id: string | null; format: string; ... 7 more ...; selection_deadline_at: string | null; }'.
src/lib/progression/season-manager.ts(189,15): error TS2769: No overload matches this call.
  Overload 1 of 2, '(relation: "players" | "characters" | "matches" | "rounds" | "moves" | "matchmaking_queue"): PostgrestQueryBuilder<{ PostgrestVersion: "12"; }, { Tables: { players: { Row: { address: string; display_name: string | null; ... 4 more ...; updated_at: string; }; Insert: { ...; }; Update: { ...; }; Relationships: []; }; ... 4 more ...; matchmaking_queue: { ...; }; }; Views: {}; Functions: {}; Enums: {}; }, { ...; } | ... 4 more ... | { ...; }, "players" | ... 4 more ... | "matchmaking_queue", [] | ... 3 more ... | [...]>', gave the following error.
    Argument of type '"player_progression"' is not assignable to parameter of type '"players" | "characters" | "matches" | "rounds" | "moves" | "matchmaking_queue"'.
  Overload 2 of 2, '(relation: never): PostgrestQueryBuilder<{ PostgrestVersion: "12"; }, { Tables: { players: { Row: { address: string; display_name: string | null; wins: number; losses: number; rating: number; created_at: string; updated_at: string; }; Insert: { ...; }; Update: { ...; }; Relationships: []; }; ... 4 more ...; matchmaking_queue: { ...; }; }; Views: {}; Functions: {}; Enums: {}; }, never, never, never>', gave the following error.
    Argument of type '"player_progression"' is not assignable to parameter of type 'never'.
src/lib/progression/season-manager.ts(215,70): error TS2339: Property 'current_tier' does not exist on type '{ address: string; display_name: string | null; wins: number; losses: number; rating: number; created_at: string; updated_at: string; battle_pass_seasons: SelectQueryError<"could not find the relation between players and battle_pass_seasons">; } | ... 34 more ... | { ...; }'.
  Property 'current_tier' does not exist on type '{ address: string; display_name: string | null; wins: number; losses: number; rating: number; created_at: string; updated_at: string; battle_pass_seasons: SelectQueryError<"could not find the relation between players and battle_pass_seasons">; }'.
src/lib/progression/season-manager.ts(218,35): error TS2339: Property 'season_id' does not exist on type '{ address: string; display_name: string | null; wins: number; losses: number; rating: number; created_at: string; updated_at: string; battle_pass_seasons: SelectQueryError<"could not find the relation between players and battle_pass_seasons">; } | ... 34 more ... | { ...; }'.
  Property 'season_id' does not exist on type '{ address: string; display_name: string | null; wins: number; losses: number; rating: number; created_at: string; updated_at: string; battle_pass_seasons: SelectQueryError<"could not find the relation between players and battle_pass_seasons">; }'.
src/lib/progression/season-manager.ts(220,36): error TS2339: Property 'current_tier' does not exist on type '{ address: string; display_name: string | null; wins: number; losses: number; rating: number; created_at: string; updated_at: string; battle_pass_seasons: SelectQueryError<"could not find the relation between players and battle_pass_seasons">; } | ... 34 more ... | { ...; }'.
  Property 'current_tier' does not exist on type '{ address: string; display_name: string | null; wins: number; losses: number; rating: number; created_at: string; updated_at: string; battle_pass_seasons: SelectQueryError<"could not find the relation between players and battle_pass_seasons">; }'.
src/lib/progression/season-manager.ts(221,34): error TS2339: Property 'total_xp' does not exist on type '{ address: string; display_name: string | null; wins: number; losses: number; rating: number; created_at: string; updated_at: string; battle_pass_seasons: SelectQueryError<"could not find the relation between players and battle_pass_seasons">; } | ... 34 more ... | { ...; }'.
  Property 'total_xp' does not exist on type '{ address: string; display_name: string | null; wins: number; losses: number; rating: number; created_at: string; updated_at: string; battle_pass_seasons: SelectQueryError<"could not find the relation between players and battle_pass_seasons">; }'.
src/lib/progression/season-manager.ts(222,40): error TS2339: Property 'prestige_level' does not exist on type '{ address: string; display_name: string | null; wins: number; losses: number; rating: number; created_at: string; updated_at: string; battle_pass_seasons: SelectQueryError<"could not find the relation between players and battle_pass_seasons">; } | ... 34 more ... | { ...; }'.
  Property 'prestige_level' does not exist on type '{ address: string; display_name: string | null; wins: number; losses: number; rating: number; created_at: string; updated_at: string; battle_pass_seasons: SelectQueryError<"could not find the relation between players and battle_pass_seasons">; }'.
src/lib/progression/season-manager.ts(313,15): error TS2769: No overload matches this call.
  Overload 1 of 2, '(relation: "players" | "characters" | "matches" | "rounds" | "moves" | "matchmaking_queue"): PostgrestQueryBuilder<{ PostgrestVersion: "12"; }, { Tables: { players: { Row: { address: string; display_name: string | null; ... 4 more ...; updated_at: string; }; Insert: { ...; }; Update: { ...; }; Relationships: []; }; ... 4 more ...; matchmaking_queue: { ...; }; }; Views: {}; Functions: {}; Enums: {}; }, { ...; } | ... 4 more ... | { ...; }, "players" | ... 4 more ... | "matchmaking_queue", [] | ... 3 more ... | [...]>', gave the following error.
    Argument of type '"battle_pass_seasons"' is not assignable to parameter of type '"players" | "characters" | "matches" | "rounds" | "moves" | "matchmaking_queue"'.
  Overload 2 of 2, '(relation: never): PostgrestQueryBuilder<{ PostgrestVersion: "12"; }, { Tables: { players: { Row: { address: string; display_name: string | null; wins: number; losses: number; rating: number; created_at: string; updated_at: string; }; Insert: { ...; }; Update: { ...; }; Relationships: []; }; ... 4 more ...; matchmaking_queue: { ...; }; }; Views: {}; Functions: {}; Enums: {}; }, never, never, never>', gave the following error.
    Argument of type '"battle_pass_seasons"' is not assignable to parameter of type 'never'.
src/lib/progression/season-manager.ts(314,10): error TS2769: No overload matches this call.
  Overload 1 of 2, '(values: { address: string; display_name?: string | null | undefined; wins?: number | undefined; losses?: number | undefined; rating?: number | undefined; created_at?: string | undefined; updated_at?: string | undefined; } | ... 4 more ... | { ...; }, options?: { ...; } | undefined): PostgrestFilterBuilder<...>', gave the following error.
    Object literal may only specify known properties, and 'description' does not exist in type '{ address: string; display_name?: string | null | undefined; wins?: number | undefined; losses?: number | undefined; rating?: number | undefined; created_at?: string | undefined; updated_at?: string | undefined; } | ... 4 more ... | { ...; }'.
  Overload 2 of 2, '(values: ({ address: string; display_name?: string | null | undefined; wins?: number | undefined; losses?: number | undefined; rating?: number | undefined; created_at?: string | undefined; updated_at?: string | undefined; } | ... 4 more ... | { ...; })[], options?: { ...; } | undefined): PostgrestFilterBuilder<...>', gave the following error.
    Object literal may only specify known properties, and 'name' does not exist in type '({ address: string; display_name?: string | null | undefined; wins?: number | undefined; losses?: number | undefined; rating?: number | undefined; created_at?: string | undefined; updated_at?: string | undefined; } | ... 4 more ... | { ...; })[]'.
src/lib/progression/season-manager.ts(332,18): error TS2339: Property 'id' does not exist on type '{ address: string; display_name: string | null; wins: number; losses: number; rating: number; created_at: string; updated_at: string; } | { id: string; room_code: string | null; player1_address: string; ... 11 more ...; selection_deadline_at: string | null; } | { ...; } | { ...; } | { ...; } | { ...; }'.
  Property 'id' does not exist on type '{ address: string; display_name: string | null; wins: number; losses: number; rating: number; created_at: string; updated_at: string; }'.
src/lib/progression/season-manager.ts(333,20): error TS2339: Property 'name' does not exist on type '{ address: string; display_name: string | null; wins: number; losses: number; rating: number; created_at: string; updated_at: string; } | { id: string; room_code: string | null; player1_address: string; ... 11 more ...; selection_deadline_at: string | null; } | { ...; } | { ...; } | { ...; } | { ...; }'.
  Property 'name' does not exist on type '{ address: string; display_name: string | null; wins: number; losses: number; rating: number; created_at: string; updated_at: string; }'.
src/lib/progression/season-manager.ts(334,27): error TS2339: Property 'description' does not exist on type '{ address: string; display_name: string | null; wins: number; losses: number; rating: number; created_at: string; updated_at: string; } | { id: string; room_code: string | null; player1_address: string; ... 11 more ...; selection_deadline_at: string | null; } | { ...; } | { ...; } | { ...; } | { ...; }'.
  Property 'description' does not exist on type '{ address: string; display_name: string | null; wins: number; losses: number; rating: number; created_at: string; updated_at: string; }'.
src/lib/progression/season-manager.ts(335,34): error TS2339: Property 'start_date' does not exist on type '{ address: string; display_name: string | null; wins: number; losses: number; rating: number; created_at: string; updated_at: string; } | { id: string; room_code: string | null; player1_address: string; ... 11 more ...; selection_deadline_at: string | null; } | { ...; } | { ...; } | { ...; } | { ...; }'.
  Property 'start_date' does not exist on type '{ address: string; display_name: string | null; wins: number; losses: number; rating: number; created_at: string; updated_at: string; }'.
src/lib/progression/season-manager.ts(336,32): error TS2339: Property 'end_date' does not exist on type '{ address: string; display_name: string | null; wins: number; losses: number; rating: number; created_at: string; updated_at: string; } | { id: string; room_code: string | null; player1_address: string; ... 11 more ...; selection_deadline_at: string | null; } | { ...; } | { ...; } | { ...; } | { ...; }'.
  Property 'end_date' does not exist on type '{ address: string; display_name: string | null; wins: number; losses: number; rating: number; created_at: string; updated_at: string; }'.
src/lib/progression/season-manager.ts(337,25): error TS2339: Property 'tier_count' does not exist on type '{ address: string; display_name: string | null; wins: number; losses: number; rating: number; created_at: string; updated_at: string; } | { id: string; room_code: string | null; player1_address: string; ... 11 more ...; selection_deadline_at: string | null; } | { ...; } | { ...; } | { ...; } | { ...; }'.
  Property 'tier_count' does not exist on type '{ address: string; display_name: string | null; wins: number; losses: number; rating: number; created_at: string; updated_at: string; }'.
src/lib/progression/season-manager.ts(338,24): error TS2339: Property 'is_active' does not exist on type '{ address: string; display_name: string | null; wins: number; losses: number; rating: number; created_at: string; updated_at: string; } | { id: string; room_code: string | null; player1_address: string; ... 11 more ...; selection_deadline_at: string | null; } | { ...; } | { ...; } | { ...; } | { ...; }'.
  Property 'is_active' does not exist on type '{ address: string; display_name: string | null; wins: number; losses: number; rating: number; created_at: string; updated_at: string; }'.
src/lib/progression/season-manager.ts(339,23): error TS2339: Property 'version' does not exist on type '{ address: string; display_name: string | null; wins: number; losses: number; rating: number; created_at: string; updated_at: string; } | { id: string; room_code: string | null; player1_address: string; ... 11 more ...; selection_deadline_at: string | null; } | { ...; } | { ...; } | { ...; } | { ...; }'.
  Property 'version' does not exist on type '{ address: string; display_name: string | null; wins: number; losses: number; rating: number; created_at: string; updated_at: string; }'.
src/lib/progression/season-manager.ts(351,15): error TS2769: No overload matches this call.
  Overload 1 of 2, '(relation: "players" | "characters" | "matches" | "rounds" | "moves" | "matchmaking_queue"): PostgrestQueryBuilder<{ PostgrestVersion: "12"; }, { Tables: { players: { Row: { address: string; display_name: string | null; ... 4 more ...; updated_at: string; }; Insert: { ...; }; Update: { ...; }; Relationships: []; }; ... 4 more ...; matchmaking_queue: { ...; }; }; Views: {}; Functions: {}; Enums: {}; }, { ...; } | ... 4 more ... | { ...; }, "players" | ... 4 more ... | "matchmaking_queue", [] | ... 3 more ... | [...]>', gave the following error.
    Argument of type '"battle_pass_seasons"' is not assignable to parameter of type '"players" | "characters" | "matches" | "rounds" | "moves" | "matchmaking_queue"'.
  Overload 2 of 2, '(relation: never): PostgrestQueryBuilder<{ PostgrestVersion: "12"; }, { Tables: { players: { Row: { address: string; display_name: string | null; wins: number; losses: number; rating: number; created_at: string; updated_at: string; }; Insert: { ...; }; Update: { ...; }; Relationships: []; }; ... 4 more ...; matchmaking_queue: { ...; }; }; Views: {}; Functions: {}; Enums: {}; }, never, never, never>', gave the following error.
    Argument of type '"battle_pass_seasons"' is not assignable to parameter of type 'never'.
src/lib/progression/season-manager.ts(352,19): error TS2353: Object literal may only specify known properties, and 'is_active' does not exist in type '{ address?: string | undefined; display_name?: string | null | undefined; wins?: number | undefined; losses?: number | undefined; rating?: number | undefined; created_at?: string | undefined; updated_at?: string | undefined; } | ... 4 more ... | { ...; }'.
src/lib/progression/season-manager.ts(357,15): error TS2769: No overload matches this call.
  Overload 1 of 2, '(relation: "players" | "characters" | "matches" | "rounds" | "moves" | "matchmaking_queue"): PostgrestQueryBuilder<{ PostgrestVersion: "12"; }, { Tables: { players: { Row: { address: string; display_name: string | null; ... 4 more ...; updated_at: string; }; Insert: { ...; }; Update: { ...; }; Relationships: []; }; ... 4 more ...; matchmaking_queue: { ...; }; }; Views: {}; Functions: {}; Enums: {}; }, { ...; } | ... 4 more ... | { ...; }, "players" | ... 4 more ... | "matchmaking_queue", [] | ... 3 more ... | [...]>', gave the following error.
    Argument of type '"battle_pass_seasons"' is not assignable to parameter of type '"players" | "characters" | "matches" | "rounds" | "moves" | "matchmaking_queue"'.
  Overload 2 of 2, '(relation: never): PostgrestQueryBuilder<{ PostgrestVersion: "12"; }, { Tables: { players: { Row: { address: string; display_name: string | null; wins: number; losses: number; rating: number; created_at: string; updated_at: string; }; Insert: { ...; }; Update: { ...; }; Relationships: []; }; ... 4 more ...; matchmaking_queue: { ...; }; }; Views: {}; Functions: {}; Enums: {}; }, never, never, never>', gave the following error.
    Argument of type '"battle_pass_seasons"' is not assignable to parameter of type 'never'.
src/lib/progression/season-manager.ts(358,19): error TS2353: Object literal may only specify known properties, and 'is_active' does not exist in type '{ address?: string | undefined; display_name?: string | null | undefined; wins?: number | undefined; losses?: number | undefined; rating?: number | undefined; created_at?: string | undefined; updated_at?: string | undefined; } | ... 4 more ... | { ...; }'.
src/lib/progression/season-manager.ts(375,15): error TS2769: No overload matches this call.
  Overload 1 of 2, '(relation: "players" | "characters" | "matches" | "rounds" | "moves" | "matchmaking_queue"): PostgrestQueryBuilder<{ PostgrestVersion: "12"; }, { Tables: { players: { Row: { address: string; display_name: string | null; ... 4 more ...; updated_at: string; }; Insert: { ...; }; Update: { ...; }; Relationships: []; }; ... 4 more ...; matchmaking_queue: { ...; }; }; Views: {}; Functions: {}; Enums: {}; }, { ...; } | ... 4 more ... | { ...; }, "players" | ... 4 more ... | "matchmaking_queue", [] | ... 3 more ... | [...]>', gave the following error.
    Argument of type '"player_progression"' is not assignable to parameter of type '"players" | "characters" | "matches" | "rounds" | "moves" | "matchmaking_queue"'.
  Overload 2 of 2, '(relation: never): PostgrestQueryBuilder<{ PostgrestVersion: "12"; }, { Tables: { players: { Row: { address: string; display_name: string | null; wins: number; losses: number; rating: number; created_at: string; updated_at: string; }; Insert: { ...; }; Update: { ...; }; Relationships: []; }; ... 4 more ...; matchmaking_queue: { ...; }; }; Views: {}; Functions: {}; Enums: {}; }, never, never, never>', gave the following error.
    Argument of type '"player_progression"' is not assignable to parameter of type 'never'.
src/lib/progression/season-manager.ts(389,19): error TS2769: No overload matches this call.
  Overload 1 of 2, '(relation: "players" | "characters" | "matches" | "rounds" | "moves" | "matchmaking_queue"): PostgrestQueryBuilder<{ PostgrestVersion: "12"; }, { Tables: { players: { Row: { address: string; display_name: string | null; ... 4 more ...; updated_at: string; }; Insert: { ...; }; Update: { ...; }; Relationships: []; }; ... 4 more ...; matchmaking_queue: { ...; }; }; Views: {}; Functions: {}; Enums: {}; }, { ...; } | ... 4 more ... | { ...; }, "players" | ... 4 more ... | "matchmaking_queue", [] | ... 3 more ... | [...]>', gave the following error.
    Argument of type '"player_progression"' is not assignable to parameter of type '"players" | "characters" | "matches" | "rounds" | "moves" | "matchmaking_queue"'.
  Overload 2 of 2, '(relation: never): PostgrestQueryBuilder<{ PostgrestVersion: "12"; }, { Tables: { players: { Row: { address: string; display_name: string | null; wins: number; losses: number; rating: number; created_at: string; updated_at: string; }; Insert: { ...; }; Update: { ...; }; Relationships: []; }; ... 4 more ...; matchmaking_queue: { ...; }; }; Views: {}; Functions: {}; Enums: {}; }, never, never, never>', gave the following error.
    Argument of type '"player_progression"' is not assignable to parameter of type 'never'.
src/lib/progression/season-manager.ts(391,17): error TS2769: No overload matches this call.
  Overload 1 of 2, '(values: { address: string; display_name?: string | null | undefined; wins?: number | undefined; losses?: number | undefined; rating?: number | undefined; created_at?: string | undefined; updated_at?: string | undefined; } | ... 4 more ... | { ...; }, options?: { ...; } | undefined): PostgrestFilterBuilder<...>', gave the following error.
    Object literal may only specify known properties, and 'player_id' does not exist in type '{ address: string; display_name?: string | null | undefined; wins?: number | undefined; losses?: number | undefined; rating?: number | undefined; created_at?: string | undefined; updated_at?: string | undefined; } | ... 4 more ... | { ...; }'.
  Overload 2 of 2, '(values: ({ address: string; display_name?: string | null | undefined; wins?: number | undefined; losses?: number | undefined; rating?: number | undefined; created_at?: string | undefined; updated_at?: string | undefined; } | ... 4 more ... | { ...; })[], options?: { ...; } | undefined): PostgrestFilterBuilder<...>', gave the following error.
    Object literal may only specify known properties, and 'player_id' does not exist in type '({ address: string; display_name?: string | null | undefined; wins?: number | undefined; losses?: number | undefined; rating?: number | undefined; created_at?: string | undefined; updated_at?: string | undefined; } | ... 4 more ... | { ...; })[]'.
src/lib/progression/season-manager.ts(391,40): error TS2339: Property 'player_id' does not exist on type 'SelectQueryError<"column 'player_id' does not exist on 'players'."> | SelectQueryError<"column 'player_id' does not exist on 'characters'."> | SelectQueryError<...> | SelectQueryError<...> | SelectQueryError<...> | SelectQueryError<...>'.
  Property 'player_id' does not exist on type 'SelectQueryError<"column 'player_id' does not exist on 'players'.">'.
src/lib/progression/season-manager.ts(396,45): error TS2339: Property 'prestige_level' does not exist on type 'SelectQueryError<"column 'player_id' does not exist on 'players'."> | SelectQueryError<"column 'player_id' does not exist on 'characters'."> | SelectQueryError<...> | SelectQueryError<...> | SelectQueryError<...> | SelectQueryError<...>'.
  Property 'prestige_level' does not exist on type 'SelectQueryError<"column 'player_id' does not exist on 'players'.">'.
src/lib/progression/season-manager.ts(397,53): error TS2339: Property 'prestige_xp_multiplier' does not exist on type 'SelectQueryError<"column 'player_id' does not exist on 'players'."> | SelectQueryError<"column 'player_id' does not exist on 'characters'."> | SelectQueryError<...> | SelectQueryError<...> | SelectQueryError<...> | SelectQueryError<...>'.
  Property 'prestige_xp_multiplier' does not exist on type 'SelectQueryError<"column 'player_id' does not exist on 'players'.">'.
src/lib/progression/season-manager.ts(398,59): error TS2339: Property 'prestige_currency_multiplier' does not exist on type 'SelectQueryError<"column 'player_id' does not exist on 'players'."> | SelectQueryError<"column 'player_id' does not exist on 'characters'."> | SelectQueryError<...> | SelectQueryError<...> | SelectQueryError<...> | SelectQueryError<...>'.
  Property 'prestige_currency_multiplier' does not exist on type 'SelectQueryError<"column 'player_id' does not exist on 'players'.">'.
src/lib/progression/season-manager.ts(408,15): error TS2769: No overload matches this call.
  Overload 1 of 2, '(relation: "players" | "characters" | "matches" | "rounds" | "moves" | "matchmaking_queue"): PostgrestQueryBuilder<{ PostgrestVersion: "12"; }, { Tables: { players: { Row: { address: string; display_name: string | null; ... 4 more ...; updated_at: string; }; Insert: { ...; }; Update: { ...; }; Relationships: []; }; ... 4 more ...; matchmaking_queue: { ...; }; }; Views: {}; Functions: {}; Enums: {}; }, { ...; } | ... 4 more ... | { ...; }, "players" | ... 4 more ... | "matchmaking_queue", [] | ... 3 more ... | [...]>', gave the following error.
    Argument of type '"battle_pass_seasons"' is not assignable to parameter of type '"players" | "characters" | "matches" | "rounds" | "moves" | "matchmaking_queue"'.
  Overload 2 of 2, '(relation: never): PostgrestQueryBuilder<{ PostgrestVersion: "12"; }, { Tables: { players: { Row: { address: string; display_name: string | null; wins: number; losses: number; rating: number; created_at: string; updated_at: string; }; Insert: { ...; }; Update: { ...; }; Relationships: []; }; ... 4 more ...; matchmaking_queue: { ...; }; }; Views: {}; Functions: {}; Enums: {}; }, never, never, never>', gave the following error.
    Argument of type '"battle_pass_seasons"' is not assignable to parameter of type 'never'.
src/lib/progression/season-manager.ts(409,19): error TS2353: Object literal may only specify known properties, and 'is_active' does not exist in type '{ address?: string | undefined; display_name?: string | null | undefined; wins?: number | undefined; losses?: number | undefined; rating?: number | undefined; created_at?: string | undefined; updated_at?: string | undefined; } | ... 4 more ... | { ...; }'.
src/lib/progression/season-manager.ts(414,15): error TS2769: No overload matches this call.
  Overload 1 of 2, '(relation: "players" | "characters" | "matches" | "rounds" | "moves" | "matchmaking_queue"): PostgrestQueryBuilder<{ PostgrestVersion: "12"; }, { Tables: { players: { Row: { address: string; display_name: string | null; ... 4 more ...; updated_at: string; }; Insert: { ...; }; Update: { ...; }; Relationships: []; }; ... 4 more ...; matchmaking_queue: { ...; }; }; Views: {}; Functions: {}; Enums: {}; }, { ...; } | ... 4 more ... | { ...; }, "players" | ... 4 more ... | "matchmaking_queue", [] | ... 3 more ... | [...]>', gave the following error.
    Argument of type '"battle_pass_seasons"' is not assignable to parameter of type '"players" | "characters" | "matches" | "rounds" | "moves" | "matchmaking_queue"'.
  Overload 2 of 2, '(relation: never): PostgrestQueryBuilder<{ PostgrestVersion: "12"; }, { Tables: { players: { Row: { address: string; display_name: string | null; wins: number; losses: number; rating: number; created_at: string; updated_at: string; }; Insert: { ...; }; Update: { ...; }; Relationships: []; }; ... 4 more ...; matchmaking_queue: { ...; }; }; Views: {}; Functions: {}; Enums: {}; }, never, never, never>', gave the following error.
    Argument of type '"battle_pass_seasons"' is not assignable to parameter of type 'never'.
src/lib/progression/season-manager.ts(415,19): error TS2353: Object literal may only specify known properties, and 'is_active' does not exist in type '{ address?: string | undefined; display_name?: string | null | undefined; wins?: number | undefined; losses?: number | undefined; rating?: number | undefined; created_at?: string | undefined; updated_at?: string | undefined; } | ... 4 more ... | { ...; }'.
